{
  results: {
    synthBlocks: [ [Object] ],
    publishBlocks: [ [Object] ],
    resourcePublishes: [
      [Object], [Object], [Object], [Object], [Object], [Object],
      [Object], [Object], [Object], [Object], [Object], [Object],
      [Object], [Object], [Object], [Object], [Object], [Object],
      [Object], [Object], [Object], [Object], [Object], [Object],
      [Object], [Object], [Object], [Object], [Object], [Object],
      [Object], [Object], [Object], [Object], [Object], [Object],
      [Object], [Object], [Object], [Object], [Object], [Object],
      [Object], [Object], [Object], [Object], [Object], [Object],
      [Object], [Object], [Object], [Object], [Object], [Object],
      [Object], [Object], [Object], [Object], [Object], [Object],
      [Object], [Object], [Object], [Object], [Object], [Object],
      [Object], [Object], [Object], [Object], [Object], [Object],
      [Object], [Object], [Object], [Object], [Object], [Object],
      [Object], [Object], [Object], [Object], [Object], [Object],
      [Object], [Object], [Object], [Object], [Object], [Object],
      [Object], [Object], [Object], [Object], [Object], [Object],
      [Object], [Object], [Object], [Object],
      ... 1353 more items
    ]
  }
}
Task                                                                                                                                                               | 02:21:36  02:22:23  02:23:09  02:23:56  02:24:43  02:25:30  02:26:17  02:27:03  02:27:50  02:28:37  02:29:24  02:30:11  02:30:57  02:31:44  02:32:31  02:33:18  
-------------------------------------------------------------------------------------------------------------------------------------------------------------------------------------------------------------------------------------------------------------------------------------------------------------------------------------
CustomResourceHandlerServiceRole41AEC181                                                                                                                           | ██████████████████████████████████████████████████████████████████████████████████████████████████████████████████████████████··································
CustomResourceHandlerServiceRole41AEC181                                                                                                                           | ██████████████████████████████████████████████████████████████████████████████████████████████████████████████████████████████··································
CustomResourceHandlerServiceRole41AEC181                                                                                                                           | ██████████████████████████████████████████████████████████████████████████████████████████████████████████████████████████████··································
CustomResourceHandlerServiceRole41AEC181                                                                                                                           | ██████████████████████████████████████████████████████████████████████████████████████████████████████████████████████████████··································
CustomResourceHandlerServiceRole41AEC181                                                                                                                           | ██████████████████████████████████████████████████████████████████████████████████████████████████████████████████████████████··································
CustomResourceHandlerServiceRole41AEC181                                                                                                                           | ██████████████████████████████████████████████████████████████████████████████████████████████████████████████████████████████··································
CustomResourceHandlerServiceRole41AEC181                                                                                                                           | ██████████████████████████████████████████████████████████████████████████████████████████████████████████████████████████████··································
CustomResourceHandlerServiceRole41AEC181                                                                                                                           | ██████████████████████████████████████████████████████████████████████████████████████████████████████████████████████████████··································
CustomResourceHandlerServiceRole41AEC181                                                                                                                           | ██████████████████████████████████████████████████████████████████████████████████████████████████████████████████████████████··································
CustomResourceHandlerServiceRole41AEC181                                                                                                                           | ██████████████████████████████████████████████████████████████████████████████████████████████████████████████████████████████··································
CustomResourceHandlerServiceRole41AEC181                                                                                                                           | ██████████████████████████████████████████████████████████████████████████████████████████████████████████████████████████████··································
CustomResourceHandlerServiceRole41AEC181                                                                                                                           | ██████████████████████████████████████████████████████████████████████████████████████████████████████████████████████████████··································
CustomResourceHandlerServiceRole41AEC181                                                                                                                           | ██████████████████████████████████████████████████████████████████████████████████████████████████████████████████████████████··································
CustomResourceHandlerServiceRole41AEC181                                                                                                                           | ██████████████████████████████████████████████████████████████████████████████████████████████████████████████████████████████··································
CustomResourceHandlerServiceRole41AEC181                                                                                                                           | ██████████████████████████████████████████████████████████████████████████████████████████████████████████████████████████████··································
CustomResourceHandlerServiceRole41AEC181                                                                                                                           | ██████████████████████████████████████████████████████████████████████████████████████████████████████████████████████████████··································
CustomResourceHandlerServiceRole41AEC181                                                                                                                           | ██████████████████████████████████████████████████████████████████████████████████████████████████████████████████████████████··································
logsLogRetentionF9A9A63C                                                                                                                                           | ████····························································································································································
hagiasophiasingletonbusrefParametereventBusName84C89289                                                                                                            | █·······························································································································································
ingresssecuritygroup39BFA35C                                                                                                                                       | ███·····························································································································································
defaultBusParametereventBusName689C71B3                                                                                                                            | █·······························································································································································
parentCertSydE3ECD765                                                                                                                                              | ██████████████████████████████████······························································································································
vendorSingletonBusParametereventBusName241A34CC                                                                                                                    | █·······························································································································································
snsProvisionFnServiceRole3EB5CB2C                                                                                                                                  | ████····························································································································································
duplicateCertsFnServiceRole38049D1E                                                                                                                                | ████····························································································································································
cxnplappjez02EventBusD604A72B                                                                                                                                      | █·······························································································································································
cxnplappjez02ParametereventBusNameB5DD57C6                                                                                                                         | █·······························································································································································
InterimStatementBucketV2Bucket7958B7F9                                                                                                                             | ·█████··························································································································································
BucketNotificationsHandler050a0587b7544547bf325f094a3db834RoleB6FB88EC                                                                                             | ·█████··························································································································································
docBucketQuarantineBucketEA87B88A                                                                                                                                  | ·██████·························································································································································
AVSCanningQueueParameterqueueUrl31FC5EC7                                                                                                                           | ·██·····························································································································································
OnboardingDocumentTableBD1616D4                                                                                                                                    | ·████████·······················································································································································
LoanDocumentTemplateBucketParameterbucketNameD531B7B5                                                                                                              | ·██·····························································································································································
onboardingDocBucket7F15203E                                                                                                                                        | ·█████··························································································································································
creditModelKmsKey667DAC89                                                                                                                                          | ·█████··························································································································································
loanBucketB238223E                                                                                                                                                 | ·██████·························································································································································
CustomS3AutoDeleteObjectsCustomResourceProviderRole3B1BD092                                                                                                        | ·█████··························································································································································
athenaQueryBucketA5C56268                                                                                                                                          | ·██████·························································································································································
docBucketTempBucketD0054A17                                                                                                                                        | ·█████··························································································································································
CardTable328E49FE                                                                                                                                                  | ·████████·······················································································································································
LendingTable3C49AE85                                                                                                                                               | ·████████·······················································································································································
blockListTable4786009C                                                                                                                                             | ·████████·······················································································································································
onboardingTable13A32BA9                                                                                                                                            | ·██████·························································································································································
PayIDLookupTable8ACBD32D                                                                                                                                           | ·████···························································································································································
PayIDAuthTable347AEAC3                                                                                                                                             | ·████████·······················································································································································
StatementBucketParameterbucketName5CA2015D                                                                                                                         | ·██·····························································································································································
productOperationsTable0DE51B2E                                                                                                                                     | ·████████·······················································································································································
configBucketC95817C2                                                                                                                                               | ·█████··························································································································································
voiceCallBucket4084354F                                                                                                                                            | ·█████··························································································································································
docBucket841EDE8A                                                                                                                                                  | ·█████··························································································································································
AccountTable36566732                                                                                                                                               | ·████████·······················································································································································
OnboardingReferenceDataTable7E6DA85F                                                                                                                               | ·████████·······················································································································································
TransactionBankingTable28C33101                                                                                                                                    | ·████████·······················································································································································
platformConfigTable167082DD                                                                                                                                        | ·████████·······················································································································································
creditModelKmsKeyArnParametervalueEA0672B9                                                                                                                         | ··█·····························································································································································
logsLogRetentionDefaultPolicyDB849559                                                                                                                              | ···█████························································································································································
duplicateCertsFnServiceRoleDefaultPolicyE1EAC4C5                                                                                                                   | ···█████························································································································································
SourcemapUploaderPolicy6476872E                                                                                                                                    | ···███████████████████████████████████████████████████████████████████████████████████████████████████████████████████████████████······························
SourcemapUploaderPolicy6476872E                                                                                                                                    | ···███████████████████████████████████████████████████████████████████████████████████████████████████████████████████████████████······························
SourcemapUploaderPolicy6476872E                                                                                                                                    | ···███████████████████████████████████████████████████████████████████████████████████████████████████████████████████████████████······························
SourcemapUploaderPolicy6476872E                                                                                                                                    | ···███████████████████████████████████████████████████████████████████████████████████████████████████████████████████████████████······························
SourcemapUploaderPolicy6476872E                                                                                                                                    | ···███████████████████████████████████████████████████████████████████████████████████████████████████████████████████████████████······························
SourcemapUploaderPolicy6476872E                                                                                                                                    | ···███████████████████████████████████████████████████████████████████████████████████████████████████████████████████████████████······························
SourcemapUploaderPolicy6476872E                                                                                                                                    | ···███████████████████████████████████████████████████████████████████████████████████████████████████████████████████████████████······························
SourcemapUploaderPolicy6476872E                                                                                                                                    | ···███████████████████████████████████████████████████████████████████████████████████████████████████████████████████████████████······························
SourcemapUploaderPolicy6476872E                                                                                                                                    | ···███████████████████████████████████████████████████████████████████████████████████████████████████████████████████████████████······························
SourcemapUploaderPolicy6476872E                                                                                                                                    | ···███████████████████████████████████████████████████████████████████████████████████████████████████████████████████████████████······························
SourcemapUploaderPolicy6476872E                                                                                                                                    | ···███████████████████████████████████████████████████████████████████████████████████████████████████████████████████████████████······························
SourcemapUploaderPolicy6476872E                                                                                                                                    | ···███████████████████████████████████████████████████████████████████████████████████████████████████████████████████████████████······························
snsProvisionFnServiceRoleDefaultPolicy2E7CE5E4                                                                                                                     | ···█████························································································································································
CustomResourceHandlerE8FB56BA                                                                                                                                      | ····████████████████████████████████████████████████████████████████████████████████████████████████████████████████████████████································
CustomResourceHandlerE8FB56BA                                                                                                                                      | ····████████████████████████████████████████████████████████████████████████████████████████████████████████████████████████████································
CustomResourceHandlerE8FB56BA                                                                                                                                      | ····████████████████████████████████████████████████████████████████████████████████████████████████████████████████████████████································
CustomResourceHandlerE8FB56BA                                                                                                                                      | ····████████████████████████████████████████████████████████████████████████████████████████████████████████████████████████████································
CustomResourceHandlerE8FB56BA                                                                                                                                      | ····████████████████████████████████████████████████████████████████████████████████████████████████████████████████████████████································
CustomResourceHandlerE8FB56BA                                                                                                                                      | ····████████████████████████████████████████████████████████████████████████████████████████████████████████████████████████████································
CustomResourceHandlerE8FB56BA                                                                                                                                      | ····████████████████████████████████████████████████████████████████████████████████████████████████████████████████████████████································
CustomResourceHandlerE8FB56BA                                                                                                                                      | ····████████████████████████████████████████████████████████████████████████████████████████████████████████████████████████████································
CustomResourceHandlerE8FB56BA                                                                                                                                      | ····████████████████████████████████████████████████████████████████████████████████████████████████████████████████████████████································
CustomResourceHandlerE8FB56BA                                                                                                                                      | ····████████████████████████████████████████████████████████████████████████████████████████████████████████████████████████████································
CustomResourceHandlerE8FB56BA                                                                                                                                      | ····████████████████████████████████████████████████████████████████████████████████████████████████████████████████████████████································
CustomResourceHandlerE8FB56BA                                                                                                                                      | ····████████████████████████████████████████████████████████████████████████████████████████████████████████████████████████████································
CustomResourceHandlerE8FB56BA                                                                                                                                      | ····████████████████████████████████████████████████████████████████████████████████████████████████████████████████████████████································
CustomResourceHandlerE8FB56BA                                                                                                                                      | ····████████████████████████████████████████████████████████████████████████████████████████████████████████████████████████████································
CustomResourceHandlerE8FB56BA                                                                                                                                      | ····████████████████████████████████████████████████████████████████████████████████████████████████████████████████████████████································
CustomResourceHandlerE8FB56BA                                                                                                                                      | ····████████████████████████████████████████████████████████████████████████████████████████████████████████████████████████████································
CustomResourceHandlerE8FB56BA                                                                                                                                      | ····████████████████████████████████████████████████████████████████████████████████████████████████████████████████████████████································
jez02-bosphorus-OnboardingAndIdentityMonitoring                                                                                                                    | ····██··························································································································································
jez02-bosphorus-TxbMonitoring                                                                                                                                      | ····██··························································································································································
jez02-bosphorus-TransactionBanking                                                                                                                                 | ····██··························································································································································
PayIDLookupTableParametertableNameD83CC5EC                                                                                                                         | ····█···························································································································································
docBucketTempParameterbucketName5E90F007                                                                                                                           | ·····█··························································································································································
InterimStatementBucketV2ParameterbucketNameDFFBF0C4                                                                                                                | ·····█··························································································································································
voiceCallBucketParameterbucketNameDD0325C8                                                                                                                         | ·····█··························································································································································
docBucketParameterbucketNameFF984B2B                                                                                                                               | ·····█··························································································································································
onboardingDocBucketParameterbucketName1DFD9B19                                                                                                                     | ·····█··························································································································································
BucketNotificationsHandler050a0587b7544547bf325f094a3db834RoleDefaultPolicy2CF63D36                                                                                | ·····█████······················································································································································
CustomS3AutoDeleteObjectsCustomResourceProviderHandler9D90184F                                                                                                     | ·····███························································································································································
docBucketPolicyADE15781                                                                                                                                            | ·····██·························································································································································
InterimStatementBucketV2BucketPolicyAEDF3E8C                                                                                                                       | ······█·························································································································································
onboardingDocBucketPolicy94CD7A91                                                                                                                                  | ······█·························································································································································
voiceCallBucketPolicyEF930731                                                                                                                                      | ······█·························································································································································
configBucketParameterbucketName56C48998                                                                                                                            | ······█·························································································································································
docBucketTempBucketPolicy3022C413                                                                                                                                  | ······██························································································································································
loanBucketParameterbucketName40ABBC4F                                                                                                                              | ······█·························································································································································
configBucketPolicy5DC55285                                                                                                                                         | ······█·························································································································································
docBucketQuarantineParameterbucketName2EE84946                                                                                                                     | ······█·························································································································································
athenaQueryBucketParameterbucketNameB6462EF5                                                                                                                       | ······█·························································································································································
loanBucketPolicyB40DC166                                                                                                                                           | ······█·························································································································································
docBucketQuarantineBucketPolicyF912ABDF                                                                                                                            | ······█·························································································································································
athenaQueryBucketPolicy84F622D8                                                                                                                                    | ······█·························································································································································
onboardingParametertableName0716634D                                                                                                                               | ······██························································································································································
onboardingDocBucketAutoDeleteObjectsCustomResource697CB6DD                                                                                                         | ·······█························································································································································
docBucketQuarantineBucketAutoDeleteObjectsCustomResource003862E4                                                                                                   | ·······█························································································································································
InterimStatementBucketV2BucketAutoDeleteObjectsCustomResource8D340DF1                                                                                              | ·······█························································································································································
configBucketAutoDeleteObjectsCustomResource0C23AAA3                                                                                                                | ·······█························································································································································
voiceCallBucketAutoDeleteObjectsCustomResourceEA2DD8FE                                                                                                             | ·······█························································································································································
docBucketAutoDeleteObjectsCustomResource978AF2AA                                                                                                                   | ·······█························································································································································
loanBucketAutoDeleteObjectsCustomResource990384DA                                                                                                                  | ·······█························································································································································
athenaQueryBucketAutoDeleteObjectsCustomResource8AD504F9                                                                                                           | ·······█························································································································································
docBucketTempBucketAutoDeleteObjectsCustomResourceC8F8B446                                                                                                         | ·······█························································································································································
duplicateCertsFnE886C301                                                                                                                                           | ········██······················································································································································
snsProvisionFnF0F88E8C                                                                                                                                             | ········██······················································································································································
duplicateCertsFnParameterfunctionName48D0177A                                                                                                                      | ········█·······················································································································································
snsProvisionFnParameterfunctionNameFA599992                                                                                                                        | ········██······················································································································································
OnboardingDocumentParametertableNameA71C37B5                                                                                                                       | ········██······················································································································································
CardTableParametertableNameB7BD2901                                                                                                                                | ········██······················································································································································
OnboardingReferenceDataParametertableNameD3311B95                                                                                                                  | ········██······················································································································································
AccountTableParametertableName7B2EEB5B                                                                                                                             | ········██······················································································································································
platformConfigParametertableName35AF9B75                                                                                                                           | ········██······················································································································································
LendingTableParametertableName2BB2F9B7                                                                                                                             | ········██······················································································································································
productOperationsParametertableNameBE9C3E1D                                                                                                                        | ········██······················································································································································
PayIDAuthTableParametertableNameA7749FC7                                                                                                                           | ········██······················································································································································
TransactionBankingTableParametertableName914DB238                                                                                                                  | ········██······················································································································································
blockListParametertableName36040194                                                                                                                                | ·········█······················································································································································
BucketNotificationsHandler050a0587b7544547bf325f094a3db8347ECC3691                                                                                                 | ·········███····················································································································································
SNSPlatformOne                                                                                                                                                     | ·········██·····················································································································································
SourcemapUploader                                                                                                                                                  | ·········█████████████████████████████████████████████████████████████████████████████████████████████████████████████████████████████████████··················
SourcemapUploader                                                                                                                                                  | ·········█████████████████████████████████████████████████████████████████████████████████████████████████████████████████████████████████████··················
SourcemapUploader                                                                                                                                                  | ·········█████████████████████████████████████████████████████████████████████████████████████████████████████████████████████████████████████··················
SourcemapUploader                                                                                                                                                  | ·········█████████████████████████████████████████████████████████████████████████████████████████████████████████████████████████████████████··················
SourcemapUploader                                                                                                                                                  | ·········█████████████████████████████████████████████████████████████████████████████████████████████████████████████████████████████████████··················
SourcemapUploader                                                                                                                                                  | ·········█████████████████████████████████████████████████████████████████████████████████████████████████████████████████████████████████████··················
SourcemapUploader                                                                                                                                                  | ·········█████████████████████████████████████████████████████████████████████████████████████████████████████████████████████████████████████··················
SourcemapUploader                                                                                                                                                  | ·········█████████████████████████████████████████████████████████████████████████████████████████████████████████████████████████████████████··················
SourcemapUploader                                                                                                                                                  | ·········█████████████████████████████████████████████████████████████████████████████████████████████████████████████████████████████████████··················
SourcemapUploader                                                                                                                                                  | ·········█████████████████████████████████████████████████████████████████████████████████████████████████████████████████████████████████████··················
SourcemapUploader                                                                                                                                                  | ·········█████████████████████████████████████████████████████████████████████████████████████████████████████████████████████████████████████··················
SourcemapUploader                                                                                                                                                  | ·········█████████████████████████████████████████████████████████████████████████████████████████████████████████████████████████████████████··················
onboardingDocBucketNotifications874B63AB                                                                                                                           | ···········██···················································································································································
docBucketTempBucketNotifications1E6ECB5F                                                                                                                           | ···········██···················································································································································
athenaQueryBucketNotificationsBCDB00C7                                                                                                                             | ···········██···················································································································································
configBucketNotifications86EEC4EC                                                                                                                                  | ···········██···················································································································································
InterimStatementBucketV2BucketNotificationsEDF03709                                                                                                                | ···········██···················································································································································
docBucketQuarantineBucketNotifications0E00E4E1                                                                                                                     | ···········██···················································································································································
loanBucketNotifications25CE73BB                                                                                                                                    | ···········██···················································································································································
docBucketNotificationsD193DBEE                                                                                                                                     | ···········██···················································································································································
duplicateCerts                                                                                                                                                     | ·································█······························································································································
BaseRole375293BB                                                                                                                                                   | ···································███████████████████████████████████████████████████████████████████████████████████████████··································
BaseRole375293BB                                                                                                                                                   | ···································███████████████████████████████████████████████████████████████████████████████████████████··································
BaseRole375293BB                                                                                                                                                   | ···································███████████████████████████████████████████████████████████████████████████████████████████··································
BaseRole375293BB                                                                                                                                                   | ···································███████████████████████████████████████████████████████████████████████████████████████████··································
BaseRole375293BB                                                                                                                                                   | ···································███████████████████████████████████████████████████████████████████████████████████████████··································
BaseRole375293BB                                                                                                                                                   | ···································███████████████████████████████████████████████████████████████████████████████████████████··································
BaseRole375293BB                                                                                                                                                   | ···································███████████████████████████████████████████████████████████████████████████████████████████··································
BaseRole375293BB                                                                                                                                                   | ···································███████████████████████████████████████████████████████████████████████████████████████████··································
BaseRole375293BB                                                                                                                                                   | ···································███████████████████████████████████████████████████████████████████████████████████████████··································
BaseRole375293BB                                                                                                                                                   | ···································███████████████████████████████████████████████████████████████████████████████████████████··································
BaseRole375293BB                                                                                                                                                   | ···································███████████████████████████████████████████████████████████████████████████████████████████··································
CaseManagementTableDE743CCE                                                                                                                                        | ···································████████·····················································································································
populateCaseCountersProviderframeworkonEventServiceRole0FECF175                                                                                                    | ···································████·························································································································
LogRetentionaae0aa3c5b4d4f87b02d85b201efdd8aFD4BFC8A                                                                                                               | ···································████████████████████████████████████████████████████████████████████████████████████████·····································
LogRetentionaae0aa3c5b4d4f87b02d85b201efdd8aFD4BFC8A                                                                                                               | ···································████████████████████████████████████████████████████████████████████████████████████████·····································
LogRetentionaae0aa3c5b4d4f87b02d85b201efdd8aFD4BFC8A                                                                                                               | ···································████████████████████████████████████████████████████████████████████████████████████████·····································
LogRetentionaae0aa3c5b4d4f87b02d85b201efdd8aFD4BFC8A                                                                                                               | ···································████████████████████████████████████████████████████████████████████████████████████████·····································
LogRetentionaae0aa3c5b4d4f87b02d85b201efdd8aFD4BFC8A                                                                                                               | ···································████████████████████████████████████████████████████████████████████████████████████████·····································
LogRetentionaae0aa3c5b4d4f87b02d85b201efdd8aFD4BFC8A                                                                                                               | ···································████████████████████████████████████████████████████████████████████████████████████████·····································
LogRetentionaae0aa3c5b4d4f87b02d85b201efdd8aFD4BFC8A                                                                                                               | ···································████████████████████████████████████████████████████████████████████████████████████████·····································
LogRetentionaae0aa3c5b4d4f87b02d85b201efdd8aFD4BFC8A                                                                                                               | ···································████████████████████████████████████████████████████████████████████████████████████████·····································
LogRetentionaae0aa3c5b4d4f87b02d85b201efdd8aFD4BFC8A                                                                                                               | ···································████████████████████████████████████████████████████████████████████████████████████████·····································
LogRetentionaae0aa3c5b4d4f87b02d85b201efdd8aFD4BFC8A                                                                                                               | ···································████████████████████████████████████████████████████████████████████████████████████████·····································
LogRetentionaae0aa3c5b4d4f87b02d85b201efdd8aFD4BFC8A                                                                                                               | ···································████████████████████████████████████████████████████████████████████████████████████████·····································
roleCognitoSns6A64CF56                                                                                                                                             | ···································█████························································································································
sesConfigSet                                                                                                                                                       | ···································█····························································································································
auth0StageSetupProviderframeworkonEventServiceRoleA6D323E6                                                                                                         | ···································█████························································································································
uPoolsmsRole7BD2AD54                                                                                                                                               | ···································█████························································································································
AWS679f53fac002430cb0da5b7982bd2287ServiceRoleC1EA0FF2                                                                                                             | ···································█████························································································································
BaseRoleDefaultPolicy3AEA0786                                                                                                                                      | ·······································███████████████████████████████████████████████████████████████████████████████████████████······························
BaseRoleDefaultPolicy3AEA0786                                                                                                                                      | ·······································███████████████████████████████████████████████████████████████████████████████████████████······························
BaseRoleDefaultPolicy3AEA0786                                                                                                                                      | ·······································███████████████████████████████████████████████████████████████████████████████████████████······························
BaseRoleDefaultPolicy3AEA0786                                                                                                                                      | ·······································███████████████████████████████████████████████████████████████████████████████████████████······························
BaseRoleDefaultPolicy3AEA0786                                                                                                                                      | ·······································███████████████████████████████████████████████████████████████████████████████████████████······························
BaseRoleDefaultPolicy3AEA0786                                                                                                                                      | ·······································███████████████████████████████████████████████████████████████████████████████████████████······························
BaseRoleDefaultPolicy3AEA0786                                                                                                                                      | ·······································███████████████████████████████████████████████████████████████████████████████████████████······························
BaseRoleDefaultPolicy3AEA0786                                                                                                                                      | ·······································███████████████████████████████████████████████████████████████████████████████████████████······························
BaseRoleDefaultPolicy3AEA0786                                                                                                                                      | ·······································███████████████████████████████████████████████████████████████████████████████████████████······························
BaseRoleDefaultPolicy3AEA0786                                                                                                                                      | ·······································███████████████████████████████████████████████████████████████████████████████████████████······························
BaseRoleDefaultPolicy3AEA0786                                                                                                                                      | ·······································███████████████████████████████████████████████████████████████████████████████████████████······························
AWS679f53fac002430cb0da5b7982bd22872D164C4C                                                                                                                        | ·······································██·······················································································································
CaseManagementTableParametertableName6AA6DDC4                                                                                                                      | ··········································█·····················································································································
verifyAuthChallengeFnA7B8300C                                                                                                                                      | ···········································██···················································································································
preSignupFnA875B359                                                                                                                                                | ···········································██···················································································································
auth0AppLevelProvision6377B8F2                                                                                                                                     | ···········································██···················································································································
preTokenGenerationFn821A18F6                                                                                                                                       | ···········································████·················································································································
createAuthChallengeFn024BBA3D                                                                                                                                      | ···········································██···················································································································
defineAuthChallengeFn7FF66CD3                                                                                                                                      | ···········································██···················································································································
verifyAuthChallengeFnParameterfunctionName870A27EA                                                                                                                 | ···········································██···················································································································
preSignupFnParameterfunctionName628D9F94                                                                                                                           | ···········································██···················································································································
auth0AppLevelProvisionParameterfunctionName6648F55C                                                                                                                | ···········································██···················································································································
auth0StageSetupProviderframeworkonEventServiceRoleDefaultPolicy9DDD43DA                                                                                            | ···········································█████················································································································
createAuthChallengeFnParameterfunctionNameAABCFBDE                                                                                                                 | ···········································██···················································································································
defineAuthChallengeFnParameterfunctionNameFCC2C6AC                                                                                                                 | ···········································██···················································································································
preTokenGenerationFnParameterfunctionNameE12474BF                                                                                                                  | ···········································██···················································································································
uPool5BAE93B2                                                                                                                                                      | ············································█···················································································································
webUPoolAppClient0C796F72                                                                                                                                          | ············································██··················································································································
UPOOLIDParametervalue2D0FF9F3                                                                                                                                      | ············································██··················································································································
mobileUPoolAppClientE56E5EAC                                                                                                                                       | ············································██··················································································································
uPoolCreateAuthChallengeCognito68A7B730                                                                                                                            | ············································██··················································································································
uPoolVerifyAuthChallengeResponseCognito37BC7C14                                                                                                                    | ············································██··················································································································
webUPoolAppClientDescribeCognitoUserPoolClientCustomResourcePolicy2EF5A5D9                                                                                         | ············································█████···············································································································
uPoolDefineAuthChallengeCognito9628C69B                                                                                                                            | ············································██··················································································································
mobileUPoolAppClientDescribeCognitoUserPoolClientCustomResourcePolicy6E4CFA3C                                                                                      | ············································█████···············································································································
preSignupFnLogRetention110DDB3A                                                                                                                                    | ············································██··················································································································
auth0AppLevelProvisionLogRetention701B29EE                                                                                                                         | ············································███·················································································································
verifyAuthChallengeFnLogRetention5A98BEB1                                                                                                                          | ·············································██·················································································································
createAuthChallengeFnLogRetention0ADA283D                                                                                                                          | ·············································█··················································································································
defineAuthChallengeFnLogRetention8DFC8138                                                                                                                          | ·············································██·················································································································
COGNITOAPPWEBCLIENTIDParametervalueF89370F0                                                                                                                        | ·············································█··················································································································
COGNITOAPPMOBILECLIENTIDParametervalueDB4F0107                                                                                                                     | ·············································█··················································································································
uPoolPreSignUpCognito70996829                                                                                                                                      | ·············································██·················································································································
uPoolPreTokenGenerationCognito0448818D                                                                                                                             | ··············································█·················································································································
populateCaseCountersHandlerE97306B5                                                                                                                                | ··············································██················································································································
preTokenGenerationFnLogRetention957096AD                                                                                                                           | ··············································█·················································································································
populateCaseCountersHandlerParameterfunctionName9637DF9E                                                                                                           | ··············································██················································································································
populateCaseCountersProviderframeworkonEventServiceRoleDefaultPolicy1F7641E2                                                                                       | ··············································█████·············································································································
populateCaseCountersHandlerLogRetentionAE4B2D9A                                                                                                                    | ···············································██···············································································································
auth0StageSetupProviderframeworkonEvent08F1AD1B                                                                                                                    | ···············································███··············································································································
webUPoolAppClientDescribeCognitoUserPoolClient02559594                                                                                                             | ················································███·············································································································
mobileUPoolAppClientDescribeCognitoUserPoolClient9555EB1E                                                                                                          | ················································███·············································································································
auth0StageSetup                                                                                                                                                    | ·················································████···········································································································
COGNITOAPPWEBCLIENTSECRETParametervalue672336A4                                                                                                                    | ··················································█·············································································································
COGNITOAPPMOBILECLIENTSECRETParametervalueE041C6DE                                                                                                                 | ··················································█·············································································································
populateCaseCountersProviderframeworkonEvent8401473D                                                                                                               | ··················································███···········································································································
populateCaseCountersCustomResource                                                                                                                                 | ····················································██··········································································································
EventBridgeSchedulerRole9C1F9676                                                                                                                                   | ······················································█████·····································································································
apiSecret6F8DC95D                                                                                                                                                  | ······················································██········································································································
apiDomainName37D05E46                                                                                                                                              | ······················································███·······································································································
apiParameterurl1D4D90E2                                                                                                                                            | ······················································██········································································································
jez02bosphorusBaseLambdarawathenahelper                                                                                                                            | ······················································██········································································································
populateDeploymentConfigProviderframeworkonEventServiceRole396B7B7A                                                                                                | ······················································█████·····································································································
notificationDLQQueueF58710CC                                                                                                                                       | ······················································████████··································································································
ImageBucketParameterbucketNameE0B338FA                                                                                                                             | ······················································██········································································································
emailDLQQueueA2725F94                                                                                                                                              | ······················································████████··································································································
jez02bosphorusBaseLambdaathenahelper                                                                                                                               | ······················································██········································································································
notificationSenderServiceRole8ED57CCA                                                                                                                              | ······················································█████·····································································································
apiApiC3C473D0                                                                                                                                                     | ·······················································█········································································································
configInjectionServiceRole8B73879E                                                                                                                                 | ·······················································████·····································································································
APIURLParametervalue35D8D94B                                                                                                                                       | ·······················································█········································································································
emailDLQParameterqueueUrl9F768476                                                                                                                                  | ·······················································█········································································································
notificationDLQParameterqueueUrl67D26344                                                                                                                           | ·······················································█········································································································
notificationQueue1494703D                                                                                                                                          | ·······················································███████··································································································
emailQueue1E6790C9                                                                                                                                                 | ·······················································███████··································································································
apiLogGroup924E5B7A                                                                                                                                                | ·······················································███······································································································
APIGATEWAYURLParametervalueEFFB6D10                                                                                                                                | ·······················································█········································································································
cdnAPIGateway7D1BC0B4                                                                                                                                              | ·······················································██████████████████████████████████████████████████████···················································
notificationQueueParameterqueueUrlDFC5B8CE                                                                                                                         | ·······················································█········································································································
emailQueueParameterqueueUrlF4415B3B                                                                                                                                | ·······················································██·······································································································
apiHits5xx9C09668F                                                                                                                                                 | ·························································█······································································································
apiHitsByPathStatus98673252                                                                                                                                        | ·························································██·····································································································
apiApiDefaultStageA626ED4D                                                                                                                                         | ·························································█······································································································
apiApiDefaultStagejez02bosphorusBaseLambdaapiDomainNameundefinedFBECB2FE                                                                                           | ·························································██·····································································································
configInjectionServiceRoleDefaultPolicy584F8B73                                                                                                                    | ··························································█████·································································································
customAuthIAM8F0F1981                                                                                                                                              | ··························································█████·································································································
notificationSenderServiceRoleDefaultPolicy06011190                                                                                                                 | ···························································████·································································································
EventBridgeSchedulerRoleArnParametervalueA24B7D1C                                                                                                                  | ···························································█····································································································
configInjection865263BC                                                                                                                                            | ······························································███·······························································································
configManagement12923FDD                                                                                                                                           | ·······························································██·······························································································
webAppApiLambdaFnC4EDAD87                                                                                                                                          | ·······························································██·······························································································
processDDBStream7DA95D32                                                                                                                                           | ·······························································██·······························································································
B2CAuthLambdaFn9E8A724B                                                                                                                                            | ·······························································██·······························································································
configApiLambdaFnD4518FAF                                                                                                                                          | ·······························································██·······························································································
setActiveProductConfigs2B810FA8                                                                                                                                    | ·······························································██·······························································································
entityEmailLambdaD2FBB6B2                                                                                                                                          | ·······························································██·······························································································
scheduledEventHandler2C68E0A7                                                                                                                                      | ·······························································███████████████████████████······································································
emailLambda61F82360                                                                                                                                                | ·······························································██·······························································································
MigrationHandler99E8E61C                                                                                                                                           | ·······························································███████████████████████████······································································
configInjectionParameterfunctionName29236B2B                                                                                                                       | ·······························································█································································································
populateDeploymentConfigProviderframeworkonEventServiceRoleDefaultPolicy894B2295                                                                                   | ·······························································█████····························································································
processDDBStreamDynamoDBEventSourcejez02bosphorusPersistenceAccountTable2C714B67CCEEC254                                                                           | ·······························································█································································································
emailLambdaParameterfunctionName9B285F84                                                                                                                           | ·······························································█································································································
webAppApiLambdaFnParameterfunctionNameC9233B77                                                                                                                     | ·······························································█································································································
processDDBStreamParameterfunctionNameC73A8D35                                                                                                                      | ·······························································█································································································
configManagementParameterfunctionName7D816C21                                                                                                                      | ·······························································█································································································
RouteGETconfigbannerIntegrationGETconfigbannerPermission95CF9508                                                                                                   | ·······························································█································································································
emailLambdaSqsEventSourcejez02bosphorusBaseLambdaemailQueue87F33D63BF8A61C5                                                                                        | ·······························································████·····························································································
RouteGETwebappembeddedredirectIntegrationGETwebappembeddedredirectPermissionFD384974                                                                               | ·······························································█································································································
RouteGETconfigproductconfigconfigIdIntegrationGETconfigproductconfigconfigIdPermissionE2F3C193                                                                     | ·······························································█································································································
configApiLambdaFnParameterfunctionName7490BFA8                                                                                                                     | ·······························································█································································································
RouteGETconfigappversionIntegrationGETconfigappversionPermissionC8D75416                                                                                           | ·······························································█································································································
RouteGETconfigfeatureflagsIntegrationGETconfigfeatureflagsPermissionB1FB7509                                                                                       | ·······························································█································································································
setActiveProductConfigsParameterfunctionName83F0AE1F                                                                                                               | ·······························································█································································································
RouteGETconfigclientconfigconfigNameIntegrationGETconfigclientconfigconfigNamePermission2E214152                                                                   | ·······························································█································································································
entityEmailLambdaParameterfunctionName9B9E420E                                                                                                                     | ·······························································█································································································
B2CAuthLambdaFnParameterfunctionName5CDA3081                                                                                                                       | ·······························································█································································································
entityEmailLambdaEmailLambdaSNSPermission46149338                                                                                                                  | ·······························································█································································································
apiApiB2CAuthorizer93434F36                                                                                                                                        | ·······························································█································································································
scheduledEventHandlerParameterfunctionName2B9E2CBF                                                                                                                 | ·······························································██·······························································································
MigrationHandlerParameterfunctionName7A72F23E                                                                                                                      | ·······························································██·······························································································
scheduledEventHandlerArnParametervalueA382233E                                                                                                                     | ·······························································██·······························································································
apiApijez02bosphorusBaseLambdaapiApiB2CAuthorizer6A8542CFPermissionE1D11171                                                                                        | ································································█·······························································································
configInjectionLogRetentionB81FB8B8                                                                                                                                | ································································██······························································································
processDDBStreamLogRetentionC67EB2D0                                                                                                                               | ································································██······························································································
emailLambdaLogRetention82EB55A5                                                                                                                                    | ································································██······························································································
RouteGETwebappembeddedredirectIntegrationGETwebappembeddedredirect2F969F92                                                                                         | ································································█·······························································································
webAppApiLambdaFnLogRetention3FF2A72C                                                                                                                              | ································································██······························································································
RouteGETconfigclientconfigconfigNameIntegrationGETconfigclientconfigconfigName474A9760                                                                             | ································································█·······························································································
RouteGETconfigappversionIntegrationGETconfigappversion7EE6E2CF                                                                                                     | ································································█·······························································································
configManagementLogRetention0B1EAAD2                                                                                                                               | ································································██······························································································
configApiLambdaFnLogRetention91EE72E2                                                                                                                              | ································································██······························································································
RouteGETconfigfeatureflagsIntegrationGETconfigfeatureflags9AE44522                                                                                                 | ································································█·······························································································
RouteGETconfigbannerIntegrationGETconfigbannerB4C3550D                                                                                                             | ································································█·······························································································
entityEmailLambdaLogRetention5FE2E250                                                                                                                              | ································································██······························································································
setActiveProductConfigsLogRetentionE6B45DCC                                                                                                                        | ································································██······························································································
RouteGETconfigproductconfigconfigIdIntegrationGETconfigproductconfigconfigId586721D2                                                                               | ································································█·······························································································
B2CAuthLambdaFnLogRetentionF19D13A2                                                                                                                                | ································································██······························································································
notificationSender8B45FF45                                                                                                                                         | ·································································██████████████████████████·····································································
RouteGETconfigclientconfigconfigName0D2B886F                                                                                                                       | ·································································█······························································································
RouteGETwebappembeddedredirectF5C8B8F8                                                                                                                             | ·································································█······························································································
RouteGETconfigproductconfigconfigIdD908C3D3                                                                                                                        | ·································································█······························································································
RouteGETconfigbannerCCF4B52A                                                                                                                                       | ·································································█······························································································
RouteGETconfigappversion15538704                                                                                                                                   | ·································································█······························································································
RouteGETconfigfeatureflagsF50131A3                                                                                                                                 | ·································································█······························································································
notificationSenderSqsEventSourcejez02bosphorusBaseLambdanotificationQueue646F9014BD3164F5                                                                          | ·································································█████··························································································
notificationSenderParameterfunctionNameBF45151D                                                                                                                    | ·································································██·····························································································
populateDeploymentConfigProviderframeworkonEvent449F2DD9                                                                                                           | ···································································██···························································································
populateFeatureToggles                                                                                                                                             | ····································································███·························································································
populateDeploymentConfig                                                                                                                                           | ····································································███·························································································
populateClientConfigs                                                                                                                                              | ····································································███·························································································
populateProductConfigs                                                                                                                                             | ······································································████······················································································
MigrationHandlerLogRetention35ECA7CD                                                                                                                               | ·························································································██·····································································
scheduledEventHandlerLogRetention4D9FE087                                                                                                                          | ·························································································██·····································································
cdnAPIGatewayRecordv49B7DDA1D                                                                                                                                      | ············································································································████████············································
cdnAPIGatewayRecordv64A69BBF4                                                                                                                                      | ············································································································████████············································
kybSfRoleDB68E01D                                                                                                                                                  | ·························································································································████···································
kycSfRoleCF098410                                                                                                                                                  | ·························································································································████···································
invoiceProcessingDLQQueue3257C402                                                                                                                                  | ·························································································································███████································
bankFeedForwarderDLQQueue27D8CB50                                                                                                                                  | ·························································································································███████································
bankfeedsQueue1DLQQueue31D25A88                                                                                                                                    | ·························································································································███████································
txnRecQueue4FE5A83A                                                                                                                                                | ·························································································································███████································
devApi51DD963E                                                                                                                                                     | ·························································································································█······································
devRestApi49E35CB0                                                                                                                                                 | ·························································································································█······································
devRestApiCloudWatchRoleF1480FE0                                                                                                                                   | ·························································································································█████··································
devRestApiLogGroup0E563A22                                                                                                                                         | ·························································································································██·····································
afcxSftpDownloadProcessDLQQueue1B055A39                                                                                                                            | ·························································································································███████································
inviteKYCEventDLQQueue671CF55F                                                                                                                                     | ·························································································································███████································
userEventDLQQueueFB92F4DD                                                                                                                                          | ·························································································································███████································
kybApplicationEventDLQQueue13F5580A                                                                                                                                | ·························································································································███████································
sharpLayer7B5FD301                                                                                                                                                 | ·························································································································██·····································
tenxEventsDLQQueueEA29FE71                                                                                                                                         | ·························································································································███████································
userUpdateListenerDLQQueue7BB68287                                                                                                                                 | ·························································································································███████································
onboardingconnectcasesDLQQueueDA8F8038                                                                                                                             | ·························································································································███████································
blocklistEventsDLQQueueC0A13411                                                                                                                                    | ·························································································································███████································
afcxSftpUploadProcessDLQQueueAC8C7ADD                                                                                                                              | ·························································································································███████································
f1EventDLQQueue96D97773                                                                                                                                            | ·························································································································███████································
blocklistS3EventsDLQQueue34E462D2                                                                                                                                  | ·························································································································███████································
schedPaymentsQueue612E1957                                                                                                                                         | ·························································································································███████································
cardListenerDLQQueueF7FF05EC                                                                                                                                       | ·························································································································███████································
cardInstantProvisioningDLQQueueEAC06BD4                                                                                                                            | ·························································································································███████································
jez02bosphorusTxbAccountsinitialbalancequery                                                                                                                       | ·························································································································█······································
generateStatementServiceRole7FDF487A                                                                                                                               | ·························································································································█████··································
checkSubscriptionExistsLambdaFnServiceRole924A078F                                                                                                                 | ·························································································································█████··································
entityConfigQueue2DD48DB5                                                                                                                                          | ·························································································································████████·······························
closureStatementGenerationQueueV2DLQQueueE26C7E31                                                                                                                  | ·························································································································████████·······························
closureStatementGenerationDLQQueue3F6C3B9A                                                                                                                         | ·························································································································████████·······························
blocklistEventsDLQParameterqueueUrl78AF4AA4                                                                                                                        | ·························································································································█······································
inviteKYCEventDLQParameterqueueUrl623E5F14                                                                                                                         | ·························································································································█······································
userEventDLQParameterqueueUrl7108AD8C                                                                                                                              | ·························································································································█······································
kybApplicationEventDLQParameterqueueUrl094271C4                                                                                                                    | ·························································································································█······································
f1EventDLQParameterqueueUrlC575D896                                                                                                                                | ·························································································································█······································
onboardingconnectcasesDLQParameterqueueUrl1F7E2A0D                                                                                                                 | ·························································································································█······································
tenxEventsQueue0B700A49                                                                                                                                            | ·························································································································████████·······························
inviteKYCEventQueue6CD43B75                                                                                                                                        | ·························································································································████████·······························
kybApplicationEventQueueB188CE67                                                                                                                                   | ·························································································································████████·······························
blocklistEventsQueue5EEEC34A                                                                                                                                       | ·························································································································████████·······························
afcxSftpDownloadProcessDLQParameterqueueUrlB8B51A4A                                                                                                                | ·························································································································█······································
userUpdateListenerDLQParameterqueueUrlC3A06A8E                                                                                                                     | ·························································································································█······································
userUpdateListenerQueue9A0D659D                                                                                                                                    | ·························································································································████████·······························
f1EventQueue4C38F415                                                                                                                                               | ·························································································································████████·······························
afcxSftpDownloadProcessQueueD77003AF                                                                                                                               | ·························································································································████████·······························
tenxEventsDLQParameterqueueUrlC88F6FBD                                                                                                                             | ·························································································································█······································
afcxSftpUploadProcessDLQParameterqueueUrl8086CA4C                                                                                                                  | ·························································································································█······································
userEventQueueC1819E92                                                                                                                                             | ·························································································································████████·······························
populateIndustriesProviderframeworkonEventServiceRoleA708E91C                                                                                                      | ·························································································································█████··································
populateOccupationsProviderframeworkonEventServiceRole6CE357AA                                                                                                     | ·························································································································█████··································
populateSourceOfFundsProviderframeworkonEventServiceRole1F923B2B                                                                                                   | ·························································································································█████··································
populatePurposeOfAccountsProviderframeworkonEventServiceRole70242A72                                                                                               | ·························································································································█████··································
bankfeedsQueue1DLQParameterqueueUrlAA20485A                                                                                                                        | ·························································································································█······································
invoiceProcessingDLQParameterqueueUrl9EB4D758                                                                                                                      | ·························································································································█······································
bankFeedForwarderDLQParameterqueueUrl1D943533                                                                                                                      | ·························································································································█······································
bankfeedsQueue1Queue668C6A27                                                                                                                                       | ·························································································································████████·······························
invoiceProcessingQueue1AD8386A                                                                                                                                     | ·························································································································████████·······························
bankFeedForwarderQueueEF267865                                                                                                                                     | ·························································································································████████·······························
txnRecQueueParameterqueueUrl2C4F758B                                                                                                                               | ·························································································································█······································
txnRecRuleD6EB444D                                                                                                                                                 | ·························································································································██████████████·························
monthlyStatementDLQQueue2F93D5AE                                                                                                                                   | ·························································································································████████·······························
productDocBucketParameterbucketName50296D59                                                                                                                        | ·························································································································█······································
jez02bosphorusTxbAccountsstatementquery                                                                                                                            | ·························································································································█······································
schedPaymentsQueueParameterqueueUrl135C671B                                                                                                                        | ·························································································································█······································
cardInstantProvisioningDLQParameterqueueUrlE04E4E84                                                                                                                | ·························································································································█······································
schedPaymentsRule3069015B                                                                                                                                          | ·························································································································██████████████·························
cardInstantProvisioningQQueue3D436987                                                                                                                              | ·························································································································████████·······························
afcxSftpUploadProcessQueue98096B2F                                                                                                                                 | ·························································································································████████·······························
blocklistS3EventsDLQParameterqueueUrl4900F9EB                                                                                                                      | ·························································································································█······································
onboardingconnectcasesqueueQueueE0DE768B                                                                                                                           | ·························································································································████████·······························
blocklistS3EventsQueue855411C8                                                                                                                                     | ·························································································································████████·······························
bankFeedForwarderQueueParameterqueueUrl43887D02                                                                                                                    | ·························································································································██·····································
bankfeedsQueue1ParameterqueueUrl3DD35B3D                                                                                                                           | ·························································································································██·····································
invoiceProcessingQueueParameterqueueUrlD4C44EE7                                                                                                                    | ·························································································································██·····································
devApiLogGroup4FA2826A                                                                                                                                             | ·························································································································███····································
devApiParameterurlE614B712                                                                                                                                         | ·························································································································██·····································
devRestApiOPTIONS11560CFC                                                                                                                                          | ·························································································································██·····································
devRestApitest0FABB2BF                                                                                                                                             | ·························································································································██·····································
closureStatementGenerationQueueV2DLQParameterqueueUrlF933A096                                                                                                      | ·························································································································██·····································
monthlyStatementDLQParameterqueueUrlCEBFE0D4                                                                                                                       | ·························································································································██·····································
closureStatementGenerationDLQParameterqueueUrl8BE230F3                                                                                                             | ·························································································································██·····································
closureStatementGenerationQueue93649D77                                                                                                                            | ·························································································································████████·······························
entityConfigRule1D538E1C                                                                                                                                           | ·························································································································███████████████························
closureStatementGenerationQueueV2Queue9C2C0D42                                                                                                                     | ·························································································································████████·······························
entityConfigQueueParameterqueueUrlB81A7626                                                                                                                         | ·························································································································██·····································
monthlyStatementQueue43F86741                                                                                                                                      | ·························································································································████████·······························
tenxEventsParameterqueueUrlB7123AD4                                                                                                                                | ··························································································································█·····································
inviteKYCEventParameterqueueUrl96812945                                                                                                                            | ··························································································································█·····································
f1EventQueueParameterqueueUrl5C83F582                                                                                                                              | ··························································································································█·····································
kybApplicationEventParameterqueueUrl21B23BD1                                                                                                                       | ··························································································································█·····································
blocklistEventsParameterqueueUrl0174C4F4                                                                                                                           | ··························································································································█·····································
tenxSubscriptionCreateRule9736D660                                                                                                                                 | ··························································································································██████████████························
BizEntityBizOwnershipMonitoringE804ED28                                                                                                                            | ··························································································································██████████████························
BizEntityBizOwnershipQuery9253D793                                                                                                                                 | ··························································································································██████████████························
BusinessEntityKycApplicationRejected79F3DCB9                                                                                                                       | ··························································································································██████████████························
kycInvite3EEE36D2                                                                                                                                                  | ··························································································································██████████████························
userEventQueueParameterqueueUrlC092A39C                                                                                                                            | ··························································································································█·····································
afcxSftpDownloadProcessQueueParameterqueueUrl161C39F3                                                                                                              | ··························································································································█·····································
BizEntityEntityRiskChangeE47279A8                                                                                                                                  | ··························································································································██████████████························
userUpdateListenerQueueParameterqueueUrl65E4F4C6                                                                                                                   | ··························································································································█·····································
afcxSftpDownloadProcessRuleEDC3DCEA                                                                                                                                | ··························································································································██████████████························
BusinessEntityKybApplication991D7DF8                                                                                                                               | ··························································································································██████████████························
afcxSftpUploadProcessQueueParameterqueueUrl8FA6D42D                                                                                                                | ··························································································································█·····································
UserUpdatesTo10xFieldsBE3793EB                                                                                                                                     | ··························································································································██████████████························
userUpdateListenerRule1BDA3721                                                                                                                                     | ··························································································································██████████████························
UserMarketingConsent8CA169C6                                                                                                                                       | ··························································································································██████████████························
blocklistS3EventsParameterqueueUrlBF7E2213                                                                                                                         | ··························································································································█·····································
individualBlocklistEventsRuleA24A7741                                                                                                                              | ··························································································································██████████████························
UserDevices067E7F2D                                                                                                                                                | ··························································································································██████████████························
onboardingconnectcasesqueueParameterqueueUrl1CF2E871                                                                                                               | ··························································································································█·····································
afcxSftpUploadProcessRule60F9D53D                                                                                                                                  | ··························································································································██████████████························
onboardingConnectCaseUpdateRuleB556C797                                                                                                                            | ··························································································································██████████████························
blocklistEventsListRuleE6C96B79                                                                                                                                    | ··························································································································██████████████························
devRestApitestOPTIONS9B8F0D71                                                                                                                                      | ··························································································································█·····································
devRestApitestfixture7B88743C                                                                                                                                      | ··························································································································█·····································
bankFeedForwarderRuleB31AC154                                                                                                                                      | ··························································································································██████████████························
closureStatementGenerationQueueV2ParameterqueueUrl95DD6C4F                                                                                                         | ··························································································································█·····································
closureStatementGenerationQueueParameterqueueUrlBD536C35                                                                                                           | ··························································································································█·····································
AccountClosureRuleC5D40FA6                                                                                                                                         | ··························································································································██████████████························
cardInstantProvisioningQParameterqueueUrlD932E8C5                                                                                                                  | ··························································································································█·····································
cardListenerDLQParameterqueueUrl034BD1DB                                                                                                                           | ··························································································································█·····································
cardListenerQueue882CF630                                                                                                                                          | ··························································································································████████······························
monthlyStatementQueueParameterqueueUrlDED50AC7                                                                                                                     | ··························································································································█·····································
closureStatementGenerationRule109A924A                                                                                                                             | ··························································································································██████████████························
cardListenerQueueParameterqueueUrl5C9FF70B                                                                                                                         | ··························································································································█·····································
devRestApitestfixturesetNewActiveConfigs0B765CB0                                                                                                                   | ··························································································································█·····································
devRestApitestfixtureOPTIONSDAA3AC46                                                                                                                               | ··························································································································██····································
devRestApitestfixturefundAccountA504852E                                                                                                                           | ··························································································································█·····································
devRestApitestfixturedisburseLoan8ED505E8                                                                                                                          | ··························································································································█·····································
devRestApitestfixtureuser5E30BE14                                                                                                                                  | ··························································································································█·····································
devRestApitestfixturefactory3E1EAA26                                                                                                                               | ··························································································································█·····································
devRestApitestfixtureopsConsoleD66FDE52                                                                                                                            | ··························································································································█·····································
cardListenerRule48EB97E9                                                                                                                                           | ··························································································································██████████████························
devRestApitestfixturesetNewActiveConfigsOPTIONS329AFFFE                                                                                                            | ··························································································································██····································
devRestApitestfixturefactoryOPTIONS78DD352D                                                                                                                        | ··························································································································██····································
devRestApitestfixtureuserOPTIONS5805A5F2                                                                                                                           | ··························································································································██····································
devRestApitestfixtureopsConsolelendingActions1EA5327A                                                                                                              | ··························································································································██····································
devRestApitestfixturefundAccountOPTIONS6D869E29                                                                                                                    | ··························································································································██····································
devRestApitestfixtureopsConsoleOPTIONS92B4FFFB                                                                                                                     | ··························································································································██····································
devRestApitestfixturedisburseLoanOPTIONSCC1DE186                                                                                                                   | ··························································································································██····································
devRestApitestfixtureopsConsolelendingActionsOPTIONSFE2E25FF                                                                                                       | ···························································································································█····································
devApiDefaultStage7AD7581B                                                                                                                                         | ···························································································································██···································
devRestApiAccountD276EBF0                                                                                                                                          | ·····························································································································█··································
generateStatementServiceRoleDefaultPolicy42A42F6F                                                                                                                  | ·····························································································································█████······························
checkSubscriptionExistsLambdaFnServiceRoleDefaultPolicyABADB381                                                                                                    | ······························································································································████······························
termDepositApiLambdaE300DBE7                                                                                                                                       | ································································································································██······························
BaseRoleOverflowPolicy1CB0B1B19                                                                                                                                    | ································································································································█████···························
termDepositApiLambdaParameterfunctionNameE170A41A                                                                                                                  | ································································································································██······························
RoutePOSTv1termdepositgetaccountIntegrationPOSTv1termdepositgetaccountPermission1BE240E0                                                                           | ································································································································██······························
RoutePOSTv1termdepositgetinterestestimateIntegrationPOSTv1termdepositgetinterestestimatePermissionCF9BA2BE                                                         | ································································································································██······························
refreshXeroTokensLambdaB25C34A4                                                                                                                                    | ·································································································································████████·······················
failedTxnPushingLambdaA19D5D4A                                                                                                                                     | ·································································································································███····························
bankFeedForwarderListenerFn48572F46                                                                                                                                | ·································································································································██·····························
invoiceProcessingSender8938C124                                                                                                                                    | ·································································································································████···························
kybFunctionC4D64B23                                                                                                                                                | ·································································································································████···························
kybLambdaExecutor1BC59936                                                                                                                                          | ·································································································································██·····························
kycLambdaExecutorE6ED376A                                                                                                                                          | ·································································································································███····························
testFixtures115BDAF4                                                                                                                                               | ·································································································································███····························
bankFeedStatementSlackAlert317CDE97                                                                                                                                | ·································································································································███····························
paymentReminderLambdaB0FB581F                                                                                                                                      | ·································································································································██·····························
bankFeedsApiLambdaE172C099                                                                                                                                         | ·································································································································███····························
stripeApiLambda1F52EFF7                                                                                                                                            | ·································································································································███████························
publishBankFeedStatementEvents20C8F97F                                                                                                                             | ·································································································································███····························
populatePurposeOfAccountsHandlerB762475C                                                                                                                           | ·································································································································██████████·····················
populateOccupationsHandlerF20A173C                                                                                                                                 | ·································································································································███····························
CdrArrangementsF993CCA6                                                                                                                                            | ·································································································································███████························
populateSourceOfFundsHandlerDB07E274                                                                                                                               | ·································································································································█████··························
bankingEntityFunction110EDD95                                                                                                                                      | ·································································································································███····························
kybApplicationB2BFunction41A0C666                                                                                                                                  | ·································································································································███····························
onboardingFunction0EECC608                                                                                                                                         | ·································································································································███····························
LoginFunction66F090C6                                                                                                                                              | ·································································································································███····························
MfaFunction70EC05A1                                                                                                                                                | ·································································································································███····························
kycApplicationB2BFunction3F8F09C3                                                                                                                                  | ·································································································································███····························
Auth0HooksFunction6F12528D                                                                                                                                         | ·································································································································████████·······················
onboardingOpsLambdaFn011BC85A                                                                                                                                      | ·································································································································███····························
complianceFunction7B35965E                                                                                                                                         | ·································································································································████···························
cdrConsentFn28B5CAEB                                                                                                                                               | ·································································································································███····························
bypassKybLambdaFn85D6A155                                                                                                                                          | ·································································································································████···························
SignUpFunctionCFE784C5                                                                                                                                             | ·································································································································███····························
createTestUserC33D5F8D                                                                                                                                             | ·································································································································█████··························
populateIndustriesHandler5F562B77                                                                                                                                  | ·································································································································█████··························
UsersFunction1976AE51                                                                                                                                              | ·································································································································████████·······················
afcxBlocklistUtilB3DC0906                                                                                                                                          | ·································································································································███····························
cdrAuthorizationFnE070300A                                                                                                                                         | ·································································································································███····························
bankingEntityB2BFunction58CE5E52                                                                                                                                   | ·································································································································███████························
createUserB2bFunctionAFB400D2                                                                                                                                      | ·································································································································███····························
SessionFunctionC75AD4C3                                                                                                                                            | ·································································································································████████·······················
bizEntAccFncB2855741                                                                                                                                               | ·································································································································███████████····················
RoutePOSTv1termdepositgetinterestestimateIntegrationPOSTv1termdepositgetinterestestimateE143F66C                                                                   | ·································································································································█······························
failedTxnPushingLambdaParameterfunctionNameAEBA8EB0                                                                                                                | ·································································································································██·····························
paymentReminderLambdaParameterfunctionNameF6810088                                                                                                                 | ·································································································································██·····························
DailyPaymentReminderCronRuleBE93A87E                                                                                                                               | ·································································································································██████████████·················
refreshXeroTokensLambdaParameterfunctionName4BCA5C65                                                                                                               | ·································································································································██·····························
dailyXeroTokenCheckRule92C098D1                                                                                                                                    | ·································································································································██████████████·················
bankFeedForwarderListenerFnSqsEventSourcejez02bosphorusTxbBusinessBankingbankFeedForwarderQueueEBF9707DF81EF2B1                                                    | ·································································································································█████··························
bankFeedForwarderListenerFnParameterfunctionNameD87931C2                                                                                                           | ·································································································································██·····························
invoiceProcessingSenderParameterfunctionNameF791B294                                                                                                               | ·································································································································██·····························
invoiceProcessingSenderSqsEventSourcejez02bosphorusTxbBusinessBankinginvoiceProcessingQueue5BB8B6C2481C9FB4                                                        | ·································································································································█████··························
stripeApiLambdaParameterfunctionName76F7C5F9                                                                                                                       | ·································································································································██·····························
RouteGETstripemerchantdetailIntegrationGETstripemerchantdetailPermissionD81AB3B8                                                                                   | ·································································································································██·····························
RoutePOSTstripecreateaccountIntegrationPOSTstripecreateaccountPermission630D5413                                                                                   | ·································································································································██·····························
RoutePOSTstripemerchantservicesconsentIntegrationPOSTstripemerchantservicesconsentPermission4BC44979                                                               | ·································································································································██·····························
RouteGETstripepaymentmethodstatusIntegrationGETstripepaymentmethodstatusPermission85F96270                                                                         | ·································································································································██·····························
RoutePOSTstripepreviewinvoiceIntegrationPOSTstripepreviewinvoicePermission8DB45A75                                                                                 | ·································································································································███····························
RouteGETstripebalancedetailIntegrationGETstripebalancedetailPermission5382C444                                                                                     | ·································································································································███····························
RoutePOSTstripemerchantdetailIntegrationPOSTstripemerchantdetailPermission60E7F76A                                                                                 | ·································································································································██·····························
RoutePATCHstripemerchantdetailIntegrationPATCHstripemerchantdetailPermissionE2EB59EF                                                                               | ·································································································································██·····························
RoutePOSTstripemerchantwebhookIntegrationPOSTstripemerchantwebhookPermissionECF0FDA5                                                                               | ·································································································································██·····························
RoutePUTaccountingintegrationsintegrationTypeIntegrationPUTaccountingintegrationsintegrationTypePermissionBCAD1EEA                                                 | ·································································································································██·····························
RouteGETaccountingintegrationsIntegrationGETaccountingintegrationsPermissionF1E26367                                                                               | ·································································································································██·····························
RoutePOSTstripecreatepaymentlinkIntegrationPOSTstripecreatepaymentlinkPermissionCE590AA3                                                                           | ·································································································································██·····························
RouteDELETEaccountingintegrationsintegrationTypeIntegrationDELETEaccountingintegrationsintegrationTypePermission1F9977D7                                           | ·································································································································██·····························
bankFeedStatementSlackAlertParameterfunctionName90BC3EE9                                                                                                           | ·································································································································██·····························
bankFeedsApiLambdaParameterfunctionName20E12C4F                                                                                                                    | ·································································································································██·····························
RouteGETstripeaccountsessionIntegrationGETstripeaccountsessionPermission56E74D4A                                                                                   | ·································································································································██·····························
publishBankFeedStatementEventsParameterfunctionNameF1CD0A60                                                                                                        | ·································································································································██·····························
RoutePATCHstripedirectpaymentdetailpaymentLinkIdIntegrationPATCHstripedirectpaymentdetailpaymentLinkIdPermission94505D0E                                           | ·································································································································██·····························
kycSfRoleDefaultPolicy8CD9F8E7                                                                                                                                     | ·································································································································█████··························
kybLambdaExecutorParameterfunctionName9D31492B                                                                                                                     | ·································································································································██·····························
kycLambdaExecutorParameterfunctionNameBBC0BDF9                                                                                                                     | ·································································································································██·····························
kybSfRoleDefaultPolicy5CF17402                                                                                                                                     | ·································································································································█████··························
RoutePATCHkybapplicationIntegrationPATCHkybapplicationPermission3160F361                                                                                           | ·································································································································██·····························
RouteGETkybapplicationdocumentdocumentIdstatusIntegrationGETkybapplicationdocumentdocumentIdstatusPermission83664679                                               | ·································································································································██·····························
RoutePOSTkybapplicationdocumentsubmitIntegrationPOSTkybapplicationdocumentsubmitPermissionA5C2229A                                                                 | ·································································································································██·····························
kybFunctionParameterfunctionNameCA87C037                                                                                                                           | ·································································································································██·····························
RoutePOSTkybretrieveBusinessStructureIntegrationPOSTkybretrieveBusinessStructurePermissionDF85DA24                                                                 | ·································································································································██·····························
RoutePOSTkybapplicationdocumentuploadUrlIntegrationPOSTkybapplicationdocumentuploadUrlPermission7650060B                                                           | ·································································································································███████························
RouteGETkybapplicationIntegrationGETkybapplicationPermission76FAFACE                                                                                               | ·································································································································██·····························
RoutePOSTkybstartIntegrationPOSTkybstartPermission2376EC78                                                                                                         | ·································································································································██·····························
automatedMonthlyStatementLambda4F481C9A                                                                                                                            | ·································································································································███····························
entityConfigListenerFnEFE22864                                                                                                                                     | ·································································································································████···························
generateMonthlyStatementLambda3B7F5463                                                                                                                             | ·································································································································███····························
accountsV2ApiLambdaF2588E17                                                                                                                                        | ·································································································································████···························
accountClosureDlqDriverC5E585CB                                                                                                                                    | ·································································································································████████·······················
productsV2ApiLambda8C62BFBD                                                                                                                                        | ·································································································································██████·························
closureStatementGenerationListenerFn730F7733                                                                                                                       | ·································································································································████████·······················
generateStatementInvokerC2DD7DD8                                                                                                                                   | ·································································································································████████·······················
accountsApiLambdaB28A1457                                                                                                                                          | ·································································································································████████·······················
closeAccountLambdaFnCF69F0B0                                                                                                                                       | ·································································································································█████████······················
productsApiLambda73A3EEF7                                                                                                                                          | ·································································································································█████··························
closureStatementGeneration3D76D065                                                                                                                                 | ·································································································································███····························
statementApiLambda96ED4BFA                                                                                                                                         | ·································································································································████████·······················
generateStatement06C39C69                                                                                                                                          | ·································································································································█████████······················
RoutePOSTv1termdepositgetaccountIntegrationPOSTv1termdepositgetaccountDB84DFEF                                                                                     | ·································································································································█······························
termDepositApiLambdaLogRetention788B2354                                                                                                                           | ·································································································································██·····························
paymentLimitsApiLambdaFC780DDF                                                                                                                                     | ·································································································································█████··························
paymentRequestsListenerF181587F                                                                                                                                    | ·································································································································███████························
payIdApiLambda2055A2DE                                                                                                                                             | ·································································································································███····························
schedPaymentsListenerFn71EBEF67                                                                                                                                    | ·································································································································███····························
cardSuspenseHandlerD2EC3923                                                                                                                                        | ··································································································································███···························
cardsPubKeyApiLambdaE2559D0A                                                                                                                                       | ··································································································································███···························
payeesV2ApiLambdaE31B3083                                                                                                                                          | ··································································································································█████·························
paymentPushNotificationListenerFn057204CC                                                                                                                          | ··································································································································███···························
payToApiLambda02865248                                                                                                                                             | ··································································································································████████······················
overdraftPushNotificationListenerFnACB4436B                                                                                                                        | ··································································································································███████·······················
cardListenerListenerFn541E3F1D                                                                                                                                     | ··································································································································█████·························
replacedCardListener526E83DF                                                                                                                                       | ··································································································································████··························
batchTransferApiLambda3D61310E                                                                                                                                     | ··································································································································████··························
paymentsV2Lambda669E7C08                                                                                                                                           | ··································································································································█████·························
cardsApiLambdaCECD365A                                                                                                                                             | ··································································································································███···························
replaceCardFn3181C5B0                                                                                                                                              | ··································································································································███████·······················
cardInstantProvisioningEventHandler7881B7AA                                                                                                                        | ··································································································································██████████····················
cardsV2ApiLambdaB617BD3A                                                                                                                                           | ··································································································································███████·······················
bpayLambdaED56A2F4                                                                                                                                                 | ··································································································································█████·························
paymentsV3ApiLambdaF9E0658B                                                                                                                                        | ··································································································································███···························
transactionsApiLambda910C19A5                                                                                                                                      | ··································································································································██····························
RouteGETstripehealthIntegrationGETstripehealthPermission1EB782EE                                                                                                   | ··································································································································█·····························
RouteGETstripelistpaymentlinkinfoIntegrationGETstripelistpaymentlinkinfoPermission0083EF87                                                                         | ··································································································································█·····························
athenaquerybankfeedstatementjez02bosphorusTxbBusinessBanking                                                                                                       | ··································································································································█·····························
RoutePOSTaccountingintegrationsIntegrationPOSTaccountingintegrationsPermission3585146E                                                                             | ··································································································································███···························
RouteGETstripedownloadinvoicepaymentLinkIdIntegrationGETstripedownloadinvoicepaymentLinkIdPermissionE5923439                                                       | ··································································································································█·····························
populateOccupationsProviderframeworkonEventServiceRoleDefaultPolicy6C56B023                                                                                        | ··································································································································████··························
populateOccupationsHandlerParameterfunctionNameD599E794                                                                                                            | ··································································································································█·····························
populateSourceOfFundsHandlerParameterfunctionNameD646472E                                                                                                          | ··································································································································█·····························
populatePurposeOfAccountsHandlerParameterfunctionNameF0C385F7                                                                                                      | ··································································································································█·····························
populateIndustriesHandlerParameterfunctionNameA6D718AE                                                                                                             | ··································································································································█·····························
populateIndustriesProviderframeworkonEventServiceRoleDefaultPolicy3027AFC5                                                                                         | ··································································································································████··························
afcxBlocklistUtilParameterfunctionNameE5EC1F61                                                                                                                     | ··································································································································█·····························
populateSourceOfFundsProviderframeworkonEventServiceRoleDefaultPolicy674EBB12                                                                                      | ··································································································································████··························
populatePurposeOfAccountsProviderframeworkonEventServiceRoleDefaultPolicyA66B5F3F                                                                                  | ··································································································································████··························
RouteDELETEcdrarrangementsarrangementIdIntegrationDELETEcdrarrangementsarrangementIdPermissionDC523977                                                             | ··································································································································███████·······················
RouteGETcdrarrangementsIntegrationGETcdrarrangementsPermission3AA62D7A                                                                                             | ··································································································································██····························
RouteGETv2onboardingindustriesIntegrationGETv2onboardingindustriesPermission9896AB4D                                                                               | ··································································································································███···························
RouteGETonboardingrefdatasourceoffundIntegrationGETonboardingrefdatasourceoffundPermission3162D6A1                                                                 | ··································································································································███████·······················
bankingEntityFunctionParameterfunctionName562C2F41                                                                                                                 | ··································································································································█·····························
CdrArrangementsParameterfunctionName90EDCECD                                                                                                                       | ··································································································································█·····························
RouteGETcdrarrangementsarrangementIdIntegrationGETcdrarrangementsarrangementIdPermission8410EDD0                                                                   | ··································································································································█·····························
RouteGETbankingentityconfigIntegrationGETbankingentityconfigPermission948B8D19                                                                                     | ··································································································································█████·························
RoutePOSTbankingentitybusinessIntegrationPOSTbankingentitybusinessPermission7A9569B7                                                                               | ··································································································································██····························
RouteGETonboardingrefdatapurposeofaccountIntegrationGETonboardingrefdatapurposeofaccountPermissionDE80D7FF                                                         | ··································································································································█·····························
RouteGETonboardingrefdataoccupationIntegrationGETonboardingrefdataoccupationPermission45B45373                                                                     | ··································································································································█·····························
RoutePUTcdrconsentconsentsconsentIdrejectIntegrationPUTcdrconsentconsentsconsentIdrejectPermissionB53629FA                                                         | ··································································································································█████·························
RoutePOSTv2loginforgotpasswordIntegrationPOSTv2loginforgotpasswordPermission5AB031B6                                                                               | ··································································································································██····························
SignUpFunctionParameterfunctionNameCF75B39C                                                                                                                        | ··································································································································█·····························
RouteGETonboardingoccupationsearchIntegrationGETonboardingoccupationsearchPermissionE17E2DBB                                                                       | ··································································································································█·····························
RoutePOSTonboardingaddressretrieveIntegrationPOSTonboardingaddressretrievePermissionAB74AE40                                                                       | ··································································································································████··························
onboardingFunctionParameterfunctionNameB59DD547                                                                                                                    | ··································································································································█·····························
RouteGETonboardingbusinessabnabnchecksIntegrationGETonboardingbusinessabnabnchecksPermissionC87D55C0                                                               | ··································································································································██████████····················
RouteGETcomplianceapplicationcomplianceApplicationIdIntegrationGETcomplianceapplicationcomplianceApplicationIdPermission54F90C73                                   | ··································································································································████··························
kycApplicationB2BFunctionParameterfunctionName72AB6189                                                                                                             | ··································································································································█·····························
RoutePOSTloginIntegrationPOSTloginPermissionE948EE22                                                                                                               | ··································································································································███···························
cdrConsentFnParameterfunctionName32421FF5                                                                                                                          | ··································································································································█·····························
RoutePOSTcdrconsentotploginIntegrationPOSTcdrconsentotploginPermission4B2393CB                                                                                     | ··································································································································███···························
RoutePOSTcdrconsentotpinitiateIntegrationPOSTcdrconsentotpinitiatePermission2E654B4C                                                                               | ··································································································································████··························
kybApplicationB2BFunctionParameterfunctionNameB94C3DF2                                                                                                             | ··································································································································█·····························
RouteGETcdrconsentclientsclientIdIntegrationGETcdrconsentclientsclientIdPermissionD373FF81                                                                         | ··································································································································███···························
RoutePOSTloginconfirmForgotPasswordIntegrationPOSTloginconfirmForgotPasswordPermissionEF3F0F60                                                                     | ··································································································································█████·························
RoutePOSTloginverifyMFAIntegrationPOSTloginverifyMFAPermission90C9D1BD                                                                                             | ··································································································································███···························
LoginFunctionParameterfunctionNameD491C6C6                                                                                                                         | ··································································································································█·····························
complianceFunctionParameterfunctionName5AF229FA                                                                                                                    | ··································································································································█·····························
RoutePOSTmfasendIntegrationPOSTmfasendPermission2C24DF4D                                                                                                           | ··································································································································███···························
RouteGETcdrconsentsubscriptionsavailableIntegrationGETcdrconsentsubscriptionsavailablePermissionBBBA6160                                                           | ··································································································································█████·························
RouteGETbankingentitybankingEntityIdIntegrationGETbankingentitybankingEntityIdPermission844DEF18                                                                   | ··································································································································███████·······················
RoutePATCHbankingentityconfigIntegrationPATCHbankingentityconfigPermission12DD8023                                                                                 | ··································································································································██····························
bypassKybLambdaFnParameterfunctionNameB2A4A709                                                                                                                     | ··································································································································█·····························
RoutePOSTonboardingbusinesslookupIntegrationPOSTonboardingbusinesslookupPermission6C68C4B8                                                                         | ··································································································································██····························
RoutePOSTsignupproxyIntegrationPOSTsignupproxyPermission311A5199                                                                                                   | ··································································································································██····························
RoutePUTcdrconsentconsentsconsentIdapproveIntegrationPUTcdrconsentconsentsconsentIdapprovePermission94CF7C7B                                                       | ··································································································································██····························
onboardingOpsLambdaFnParameterfunctionNameC502A4FF                                                                                                                 | ··································································································································█·····························
RoutePOSTonboardingaddressfindIntegrationPOSTonboardingaddressfindPermission7A132758                                                                               | ··································································································································█·····························
RoutePOSTbankingentityacknowledgementsAndConsentsIntegrationPOSTbankingentityacknowledgementsAndConsentsPermission96EBE07C                                         | ··································································································································██····························
createUserB2bFunctionParameterfunctionName254AD16C                                                                                                                 | ··································································································································█·····························
checkSubscriptionExistsLambdaFnA5296DA2                                                                                                                            | ··································································································································████████······················
RoutePOSTv1termdepositgetinterestestimate957EA508                                                                                                                  | ··································································································································█·····························
RoutePOSTv1termdepositgetaccount676F04DE                                                                                                                           | ··································································································································█·····························
RoutePOSTtestfixtureopsConsolelendingActionsIntegrationPOSTtestfixtureopsConsolelendingActionsPermission52026AF9                                                   | ··································································································································█·····························
devRestApitestfixturesetNewActiveConfigsPOSTE7C9394C                                                                                                               | ··································································································································█·····························
devRestApitestfixturefundAccountPOSTApiPermissionTestjez02bosphorusDevStackdevRestApi30F895A2POSTtestfixturefundAccount4527EDCF                                    | ··································································································································██████························
devRestApitestfixtureopsConsolelendingActionsPOST85EBC8F3                                                                                                          | ··································································································································█·····························
devRestApitestfixtureuserPOSTCFB3010E                                                                                                                              | ··································································································································█·····························
devRestApitestfixtureuserPOSTApiPermissionTestjez02bosphorusDevStackdevRestApi30F895A2POSTtestfixtureuser6AA835CB                                                  | ··································································································································███████·······················
devRestApitestfixturefactoryPOST44D2A6F0                                                                                                                           | ··································································································································█·····························
RoutePOSTtestfixturesetNewActiveConfigsIntegrationPOSTtestfixturesetNewActiveConfigsPermissionB228E52E                                                             | ··································································································································██····························
devRestApitestfixturefundAccountPOST0FE82C5B                                                                                                                       | ··································································································································█·····························
devRestApitestfixturedisburseLoanPOSTApiPermissionTestjez02bosphorusDevStackdevRestApi30F895A2POSTtestfixturedisburseLoan399E0C66                                  | ··································································································································█·····························
devRestApitestfixturefactoryPOSTApiPermissionTestjez02bosphorusDevStackdevRestApi30F895A2POSTtestfixturefactoryC9C45A4D                                            | ··································································································································████████······················
devRestApitestfixturedisburseLoanPOST0A884038                                                                                                                      | ··································································································································█·····························
devRestApitestfixturePOSTApiPermissionTestjez02bosphorusDevStackdevRestApi30F895A2POSTtestfixture7E1AE934                                                          | ··································································································································█·····························
devRestApitestfixturesetNewActiveConfigsPOSTApiPermissionTestjez02bosphorusDevStackdevRestApi30F895A2POSTtestfixturesetNewActiveConfigs31232B6E                    | ··································································································································█·····························
testFixturesParameterfunctionNameB11F14D5                                                                                                                          | ··································································································································█·····························
devRestApitestfixtureopsConsolelendingActionsPOSTApiPermissionTestjez02bosphorusDevStackdevRestApi30F895A2POSTtestfixtureopsConsolelendingActionsACA809E5          | ··································································································································█·····························
RoutePOSTtestfixturedisburseLoanIntegrationPOSTtestfixturedisburseLoanPermissionD3D8383B                                                                           | ··································································································································██████························
RoutePOSTtestfixturefundAccountIntegrationPOSTtestfixturefundAccountPermission444ABB7D                                                                             | ··································································································································██····························
RoutePOSTtestfixturefactoryIntegrationPOSTtestfixturefactoryPermission740E28C1                                                                                     | ··································································································································█·····························
RoutePOSTtestfixtureIntegrationPOSTtestfixturePermission7BC023E5                                                                                                   | ··································································································································████··························
devRestApitestfixturePOST5AE3B082                                                                                                                                  | ··································································································································█·····························
RoutePOSTtestfixtureuserIntegrationPOSTtestfixtureuserPermissionAC1B409D                                                                                           | ··································································································································████··························
automatedMonthlyStatementLambdaParameterfunctionNameB5649726                                                                                                       | ··································································································································█·····························
RoutePOSTloginrefreshIntegrationPOSTloginrefreshPermission304079BE                                                                                                 | ··································································································································██····························
RoutePOSTloginforgotPasswordIntegrationPOSTloginforgotPasswordPermission2493670B                                                                                   | ··································································································································████··························
cdrAuthorizationFnParameterfunctionNameD2D0D849                                                                                                                    | ··································································································································█·····························
RoutePATCHbankingentitybankingEntityIdIntegrationPATCHbankingentitybankingEntityIdPermission16A0C704                                                               | ··································································································································██····························
MfaFunctionParameterfunctionName51B633E6                                                                                                                           | ··································································································································█·····························
RoutePOSTbankingentityindividualIntegrationPOSTbankingentityindividualPermission8457E64C                                                                           | ··································································································································█████·························
RouteGETcdrconsentconsentsconsentIdIntegrationGETcdrconsentconsentsconsentIdPermission46B99BB8                                                                     | ··································································································································███···························
createTestUserParameterfunctionNameF3DACD38                                                                                                                        | ··································································································································█·····························
RouteGETauthoriseIntegrationGETauthorisePermission355FE5A0                                                                                                         | ··································································································································███████·······················
RoutePOSTmfastartscopeIntegrationPOSTmfastartscopePermissionBC9E4750                                                                                               | ··································································································································████··························
RouteGETonboardingrefdataindustryIntegrationGETonboardingrefdataindustryPermissionEC1E0A20                                                                         | ··································································································································█████████·····················
RouteGETonboardingoccupationIntegrationGETonboardingoccupationPermissionF43059EE                                                                                   | ··································································································································█·····························
closeAccountLambdaFnParameterfunctionName45BF56C5                                                                                                                  | ··································································································································█·····························
closureStatementGenerationSqsEventSourcejez02bosphorusTxbAccountsclosureStatementGenerationQueueV2Queue74F0CDA901956DCB                                            | ··································································································································███████·······················
closureStatementGenerationListenerFnParameterfunctionNameC60BD288                                                                                                  | ··································································································································█·····························
closureStatementGenerationParameterfunctionName1F6BF767                                                                                                            | ··································································································································█·····························
closureStatementGenerationListenerFnSqsEventSourcejez02bosphorusTxbAccountsclosureStatementGenerationQueueC9632C6763FC544D                                         | ··································································································································██████························
RouteGETentityaccountuserNotificationsIntegrationGETentityaccountuserNotificationsPermission14805518                                                               | ··································································································································███···························
RoutePATCHentityaccountuserNotificationsIntegrationPATCHentityaccountuserNotificationsPermission107DAF99                                                           | ··································································································································██····························
RouteGETentityaccountusersIntegrationGETentityaccountusersPermissionDA7F454D                                                                                       | ··································································································································██····························
RoutePUTentityaccountinviteV2inviteIdresendIntegrationPUTentityaccountinviteV2inviteIdresendPermissionC588F7CA                                                     | ··································································································································████··························
RoutePOSTentityaccountinviteV2IntegrationPOSTentityaccountinviteV2Permission131D5BCB                                                                               | ··································································································································██····························
RouteGETentityaccountbusinessEntityIdIntegrationGETentityaccountbusinessEntityIdPermission1FABA6AE                                                                 | ··································································································································████··························
RoutePATCHentityaccountconfigIntegrationPATCHentityaccountconfigPermission0E1C9225                                                                                 | ··································································································································██····························
RoutePATCHentityaccountusersuserIdrolesIntegrationPATCHentityaccountusersuserIdrolesPermission8E777636                                                             | ··································································································································███···························
RoutePOSTentityaccountacknowledgementsandconsentsIntegrationPOSTentityaccountacknowledgementsandconsentsPermissionF3483B00                                         | ··································································································································██····························
RouteGETentityaccountrolesIntegrationGETentityaccountrolesPermission42D63585                                                                                       | ··································································································································██████························
RouteDELETEentityaccountusersuserIdIntegrationDELETEentityaccountusersuserIdPermissionBBE67B5A                                                                     | ··································································································································███████████···················
RoutePATCHentityaccountbusinessidentityIntegrationPATCHentityaccountbusinessidentityPermission4007BDD9                                                             | ··································································································································█████·························
RoutePOSTentityaccountIntegrationPOSTentityaccountPermission74A6D94C                                                                                               | ··································································································································██████························
RouteGETentityaccountconfigIntegrationGETentityaccountconfigPermission16C3690E                                                                                     | ··································································································································█████·························
RoutePATCHentityaccountusersuserIdIntegrationPATCHentityaccountusersuserIdPermission73C7C21B                                                                       | ··································································································································███████·······················
RouteGETentityaccountinviteV2IntegrationGETentityaccountinviteV2Permission15068AC1                                                                                 | ··································································································································████··························
RouteGETentityaccountbusinessidentityIntegrationGETentityaccountbusinessidentityPermissionF540500E                                                                 | ··································································································································█████·························
bizEntAccFncParameterfunctionNameD1445883                                                                                                                          | ··································································································································██····························
RoutePATCHentityaccountinviteV2inviteIdIntegrationPATCHentityaccountinviteV2inviteIdPermission25F06421                                                             | ··································································································································█████·························
paymentReminderLambdaLogRetention1D59A606                                                                                                                          | ··································································································································██····························
paymentPushNotificationListenerFnParameterfunctionName6AD22D2D                                                                                                     | ··································································································································█·····························
RouteGETv1paymentlimitsaccountaccountIdIntegrationGETv1paymentlimitsaccountaccountIdPermission3237768F                                                             | ··································································································································██····························
paymentPushNotificationRule85CFCFEE                                                                                                                                | ··································································································································██████████████················
RouteGETv1paymentlimitsIntegrationGETv1paymentlimitsPermissionD2BD5984                                                                                             | ··································································································································████··························
paymentLimitsApiLambdaParameterfunctionName76ACC89B                                                                                                                | ··································································································································█·····························
ReplaceCardCommandE23886E2                                                                                                                                         | ··································································································································██████████████················
replacedCardListenerParameterfunctionName29E2FB1B                                                                                                                  | ··································································································································██····························
transactionsApiLambdaParameterfunctionName8CC9606C                                                                                                                 | ··································································································································██····························
RouteGETtransactionsIntegrationGETtransactionsPermissionD4FAC5C2                                                                                                   | ··································································································································███···························
RoutePOSTcardsidproxyIntegrationPOSTcardsidproxyPermissionAE1CF464                                                                                                 | ··································································································································█████·························
RouteGETcardsIntegrationGETcardsPermission6F8A76C4                                                                                                                 | ··································································································································████··························
RouteGETcardsidIntegrationGETcardsidPermission8BE92D1A                                                                                                             | ··································································································································████████······················
RouteGETpayeesidIntegrationGETpayeesidPermissionAF4B6483                                                                                                           | ··································································································································████··························
RouteGETcardsidproxyIntegrationGETcardsidproxyPermissionA348C20D                                                                                                   | ··································································································································███···························
RouteGETtransactionsaggregatesIntegrationGETtransactionsaggregatesPermission1143ACF4                                                                               | ··································································································································███···························
payeesV2ApiLambdaParameterfunctionName8D2F07FD                                                                                                                     | ··································································································································██····························
RouteGETpayeesIntegrationGETpayeesPermission41922918                                                                                                               | ··································································································································███···························
RouteDELETEpayeesidIntegrationDELETEpayeesidPermission11C3EE4D                                                                                                     | ··································································································································███···························
RoutePOSTpayeesIntegrationPOSTpayeesPermission16DB0A01                                                                                                             | ··································································································································███···························
RoutePOSTcardsIntegrationPOSTcardsPermission4BD168AD                                                                                                               | ··································································································································███···························
cardsApiLambdaParameterfunctionName7191F27E                                                                                                                        | ··································································································································██····························
RoutePOSTpaytomandateIdproxyIntegrationPOSTpaytomandateIdproxyPermissionC06E5870                                                                                   | ··································································································································███···························
RouteGETpaytoavailableaccountsIntegrationGETpaytoavailableaccountsPermission1D7A7F1B                                                                               | ··································································································································██····························
RouteGETpaytomandateIdhistoryIntegrationGETpaytomandateIdhistoryPermission96094C5D                                                                                 | ··································································································································███···························
payToApiLambdaParameterfunctionNameD6197AA6                                                                                                                        | ··································································································································██····························
kybLambdaExecutorLogRetentionDB622402                                                                                                                              | ··································································································································██····························
entityConfigListenerFnParameterfunctionName53172956                                                                                                                | ··································································································································██····························
entityConfigListenerFnSqsEventSourcejez02bosphorusTxbAccountsentityConfigQueue18E330D27AB5D664                                                                     | ··································································································································█████·························
bankFeedForwarderListenerFnLogRetention9DFA1A25                                                                                                                    | ···································································································································█····························
bankFeedStatementSlackAlertLogRetention15316C60                                                                                                                    | ···································································································································█····························
afcxBlocklistUtilLogRetention8323C8A3                                                                                                                              | ···································································································································█····························
RoutePATCHpayidmanagealiasIdIntegrationPATCHpayidmanagealiasIdPermission4DCEC04D                                                                                   | ···································································································································█····························
RouteGETpaytoIntegrationGETpaytoPermission95A8A0F8                                                                                                                 | ···································································································································██···························
RoutePOSTpayidproxyIntegrationPOSTpayidproxyPermission77F4FF60                                                                                                     | ···································································································································██···························
cardSuspenseHandlerParameterfunctionNameF33DFFF3                                                                                                                   | ···································································································································█····························
payIdApiLambdaParameterfunctionName49FFEE41                                                                                                                        | ···································································································································█····························
RouteGETpayidIntegrationGETpayidPermissionDA003DE7                                                                                                                 | ···································································································································██···························
RouteGETpayidregisterdetailsIntegrationGETpayidregisterdetailsPermission882B89E0                                                                                   | ···································································································································██···························
RoutePOSTtestfixtureuserIntegrationPOSTtestfixtureuserA7DD6085                                                                                                     | ···································································································································█····························
RoutePOSTtestfixtureIntegrationPOSTtestfixtureDAFC1A63                                                                                                             | ···································································································································█····························
RoutePOSTtestfixturedisburseLoanIntegrationPOSTtestfixturedisburseLoan0FE0BE06                                                                                     | ···································································································································█····························
RoutePOSTtestfixtureopsConsolelendingActionsIntegrationPOSTtestfixtureopsConsolelendingActionsD3EB7122                                                             | ···································································································································█····························
RoutePOSTtestfixturefundAccountIntegrationPOSTtestfixturefundAccount054ACF29                                                                                       | ···································································································································█····························
RoutePOSTtestfixturesetNewActiveConfigsIntegrationPOSTtestfixturesetNewActiveConfigsD2F25293                                                                       | ···································································································································█····························
RoutePOSTtestfixturefactoryIntegrationPOSTtestfixturefactory8A14115C                                                                                               | ···································································································································█····························
testFixturesLogRetentionCDD39038                                                                                                                                   | ···································································································································██···························
devRestApiDeployment6A1B41DC02a4937306dedbc25ba3579ca2c3e5ec                                                                                                       | ···································································································································█····························
RouteDELETEaccountingintegrationsintegrationTypeIntegrationDELETEaccountingintegrationsintegrationType5A4CE0C9                                                     | ···································································································································█····························
bankFeedsApiLambdaLogRetention3689197E                                                                                                                             | ···································································································································█····························
RoutePOSTaccountingintegrationsIntegrationPOSTaccountingintegrationsDA2638F4                                                                                       | ···································································································································█····························
RouteGETaccountingintegrationsIntegrationGETaccountingintegrationsC0F0D956                                                                                         | ···································································································································█····························
failedTxnPushingLambdaLogRetentionDFEA8CAE                                                                                                                         | ···································································································································█····························
RoutePUTaccountingintegrationsintegrationTypeIntegrationPUTaccountingintegrationsintegrationType4EFC4C4A                                                           | ···································································································································█····························
RouteGETonboardingoccupationIntegrationGETonboardingoccupationD6DD79C8                                                                                             | ···································································································································█····························
RouteGETonboardingrefdatasourceoffundIntegrationGETonboardingrefdatasourceoffund09F468BC                                                                           | ···································································································································█····························
RouteGETonboardingoccupationsearchIntegrationGETonboardingoccupationsearch9C825374                                                                                 | ···································································································································█····························
RoutePOSTonboardingaddressretrieveIntegrationPOSTonboardingaddressretrieve20DE1904                                                                                 | ···································································································································█····························
RouteGETv2onboardingindustriesIntegrationGETv2onboardingindustries95AFE8A6                                                                                         | ···································································································································█····························
RouteGETonboardingrefdataoccupationIntegrationGETonboardingrefdataoccupation089626E4                                                                               | ···································································································································█····························
RoutePOSTonboardingaddressfindIntegrationPOSTonboardingaddressfind702C922B                                                                                         | ···································································································································█····························
onboardingFunctionLogRetention6FBF2F46                                                                                                                             | ···································································································································██···························
RouteGETonboardingbusinessabnabnchecksIntegrationGETonboardingbusinessabnabnchecks3B484B07                                                                         | ···································································································································█····························
RouteGETonboardingrefdatapurposeofaccountIntegrationGETonboardingrefdatapurposeofaccount9EEB2029                                                                   | ···································································································································█····························
RoutePOSTonboardingbusinesslookupIntegrationPOSTonboardingbusinesslookupC8AF6557                                                                                   | ···································································································································█····························
populateOccupationsHandlerLogRetention0D3AD348                                                                                                                     | ···································································································································██···························
RoutePOSTcdrconsentotploginIntegrationPOSTcdrconsentotploginDE029D8C                                                                                               | ···································································································································█····························
RoutePOSTcdrconsentotpinitiateIntegrationPOSTcdrconsentotpinitiate7E90E82B                                                                                         | ···································································································································█····························
RoutePUTcdrconsentconsentsconsentIdapproveIntegrationPUTcdrconsentconsentsconsentIdapproveE8A975E7                                                                 | ···································································································································█····························
RoutePUTcdrconsentconsentsconsentIdrejectIntegrationPUTcdrconsentconsentsconsentIdreject790ED31A                                                                   | ···································································································································█····························
cdrConsentFnLogRetention7F6C61A4                                                                                                                                   | ···································································································································██···························
RouteGETcdrconsentclientsclientIdIntegrationGETcdrconsentclientsclientId83943620                                                                                   | ···································································································································█····························
RouteGETcdrconsentsubscriptionsavailableIntegrationGETcdrconsentsubscriptionsavailable28C05FC5                                                                     | ···································································································································█····························
RoutePOSTbankingentityindividualIntegrationPOSTbankingentityindividual762333FA                                                                                     | ···································································································································█····························
RoutePATCHbankingentityconfigIntegrationPATCHbankingentityconfig4F1C7DB9                                                                                           | ···································································································································█····························
RoutePATCHbankingentitybankingEntityIdIntegrationPATCHbankingentitybankingEntityId475CAD59                                                                         | ···································································································································█····························
RoutePOSTbankingentitybusinessIntegrationPOSTbankingentitybusinessEC5FAA6E                                                                                         | ···································································································································█····························
RouteGETcdrconsentconsentsconsentIdIntegrationGETcdrconsentconsentsconsentIdD04F3BFE                                                                               | ···································································································································█····························
RouteGETbankingentityconfigIntegrationGETbankingentityconfig191157C7                                                                                               | ···································································································································██···························
RouteGETbankingentitybankingEntityIdIntegrationGETbankingentitybankingEntityId79F2867F                                                                             | ···································································································································█····························
RoutePOSTbankingentityacknowledgementsAndConsentsIntegrationPOSTbankingentityacknowledgementsAndConsents05EF0749                                                   | ···································································································································█····························
SignUpFunctionLogRetention2052C6C1                                                                                                                                 | ···································································································································██···························
kybApplicationB2BFunctionLogRetentionFAD262D0                                                                                                                      | ···································································································································██···························
kycApplicationB2BFunctionLogRetention77119763                                                                                                                      | ···································································································································██···························
RoutePOSTsignupproxyIntegrationPOSTsignupproxy3EBBF5E5                                                                                                             | ···································································································································█····························
createUserB2bFunctionLogRetention0B6CFAE2                                                                                                                          | ···································································································································██···························
bankingEntityFunctionLogRetention8A3980AB                                                                                                                          | ···································································································································██···························
RouteGETauthoriseIntegrationGETauthorise1B156229                                                                                                                   | ···································································································································█····························
cdrAuthorizationFnLogRetention76014759                                                                                                                             | ···································································································································██···························
automatedMonthlyStatementLambdaLogRetention0AB3A9F3                                                                                                                | ···································································································································██···························
accountsV2ApiLambdaParameterfunctionNameDF8706D2                                                                                                                   | ···································································································································█····························
RoutePOSTv2accountsIntegrationPOSTv2accountsPermissionFA1BAB6B                                                                                                     | ···································································································································██···························
RoutePATCHv2accountsidnameIntegrationPATCHv2accountsidnamePermission2389FAE5                                                                                       | ···································································································································██···························
RoutePUTv3paymentspaymentIdauthorizeIntegrationPUTv3paymentspaymentIdauthorizePermissionAF9676AB                                                                   | ···································································································································█····························
RouteDELETEv3paymentspaymentIdIntegrationDELETEv3paymentspaymentIdPermissionC1501403                                                                               | ···································································································································██···························
RouteGETv3paymentspaymentIdvalidateIntegrationGETv3paymentspaymentIdvalidatePermissionA941D7CE                                                                     | ···································································································································██···························
paymentsV3ApiLambdaParameterfunctionName1498829D                                                                                                                   | ···································································································································█····························
RoutePOSTv3paymentspaymentIdexternalprocessIntegrationPOSTv3paymentspaymentIdexternalprocessPermission19D9AF77                                                     | ···································································································································████·························
RoutePOSTv3paymentsexternalrequestIntegrationPOSTv3paymentsexternalrequestPermissionB6BA388A                                                                       | ···································································································································█····························
RouteGETv3paymentsIntegrationGETv3paymentsPermission5A9B784F                                                                                                       | ···································································································································█····························
RouteGETv3paymentspaymentIdIntegrationGETv3paymentspaymentIdPermissionDC5FCA10                                                                                     | ···································································································································██···························
RouteGETcardspubkeyIntegrationGETcardspubkeyPermission34A90F00                                                                                                     | ···································································································································███··························
cardsPubKeyApiLambdaParameterfunctionName8900FE8F                                                                                                                  | ···································································································································█····························
RoutePOSTtestfixturefundAccountE299F65B                                                                                                                            | ···································································································································█····························
RoutePOSTtestfixturedisburseLoan3FB6448D                                                                                                                           | ···································································································································█····························
RoutePOSTtestfixtureuser71A4AC6A                                                                                                                                   | ···································································································································█····························
RoutePOSTtestfixtureopsConsolelendingActions563F782C                                                                                                               | ···································································································································█····························
RoutePOSTtestfixtureF39A239A                                                                                                                                       | ···································································································································█····························
RoutePOSTtestfixturefactory4E644C27                                                                                                                                | ···································································································································█····························
publishBankFeedStatementEventsLogRetention9ABC2141                                                                                                                 | ···································································································································█····························
bankFeedStatementInvoker50676B25                                                                                                                                   | ···································································································································█████························
bankFeedStatementManualInvoker9309272F                                                                                                                             | ···································································································································███··························
RoutePOSTaccountingintegrationsAEAF8DC7                                                                                                                            | ···································································································································█····························
RouteDELETEaccountingintegrationsintegrationTypeBEAF00B1                                                                                                           | ···································································································································█····························
RouteGETaccountingintegrations21425680                                                                                                                             | ···································································································································█····························
RoutePUTaccountingintegrationsintegrationType2B5E8460                                                                                                              | ···································································································································█····························
MfaFunctionLogRetention18AFB1B6                                                                                                                                    | ···································································································································███··························
RoutePOSTmfasendIntegrationPOSTmfasendC699F053                                                                                                                     | ···································································································································█····························
RoutePOSTmfastartscopeIntegrationPOSTmfastartscopeF0FCE881                                                                                                         | ···································································································································█····························
RouteGETonboardingrefdataoccupation9078A348                                                                                                                        | ···································································································································█····························
RouteGETonboardingrefdatasourceoffund777652E8                                                                                                                      | ···································································································································█····························
onboardingOpsLambdaFnLogRetention6DD82FF5                                                                                                                          | ···································································································································██···························
RouteGETonboardingoccupationFD9246BE                                                                                                                               | ···································································································································█····························
RoutePOSTonboardingaddressfind13A7E41A                                                                                                                             | ···································································································································██···························
RouteGETcdrconsentclientsclientId4AC0A172                                                                                                                          | ···································································································································██···························
RouteGETonboardingrefdataindustry9FE6D678                                                                                                                          | ···································································································································██···························
RouteGETonboardingoccupationsearchDADBC394                                                                                                                         | ···································································································································██···························
RoutePOSTonboardingbusinesslookupBF82B748                                                                                                                          | ···································································································································██···························
RoutePUTcdrconsentconsentsconsentIdapprove7DEC61CA                                                                                                                 | ···································································································································██···························
RoutePOSTcdrconsentotpinitiateDF5CB4CC                                                                                                                             | ···································································································································██···························
RouteGETv2onboardingindustries22153404                                                                                                                             | ···································································································································██···························
RoutePUTcdrconsentconsentsconsentIdreject1F7105C8                                                                                                                  | ···································································································································██···························
RouteGETonboardingrefdatapurposeofaccount42AD1459                                                                                                                  | ···································································································································██···························
RoutePOSTv2loginforgotpasswordIntegrationPOSTv2loginforgotpassword2031F3B4                                                                                         | ···································································································································██···························
RoutePOSTcdrconsentotplogin28E02B7D                                                                                                                                | ···································································································································██···························
RoutePOSTonboardingaddressretrieve28CD7286                                                                                                                         | ···································································································································██···························
RoutePOSTloginIntegrationPOSTloginB20C57EE                                                                                                                         | ···································································································································██···························
RoutePOSTloginrefreshIntegrationPOSTloginrefreshC1555D15                                                                                                           | ···································································································································██···························
RoutePATCHloginrevokeSessionIntegrationPATCHloginrevokeSession80990612                                                                                             | ···································································································································██···························
RoutePOSTloginconfirmForgotPasswordIntegrationPOSTloginconfirmForgotPassword8D17114C                                                                               | ···································································································································██···························
RoutePATCHbankingentitybankingEntityIdA208438C                                                                                                                     | ···································································································································██···························
LoginFunctionLogRetentionB59EE088                                                                                                                                  | ···································································································································█████························
RouteGETcdrconsentsubscriptionsavailable00FF8902                                                                                                                   | ···································································································································██···························
RoutePOSTloginforgotPasswordIntegrationPOSTloginforgotPasswordA7681AB6                                                                                             | ···································································································································██···························
RoutePATCHbankingentityconfig71BCC232                                                                                                                              | ···································································································································██···························
RouteGETcdrconsentconsentsconsentIdB67A8E04                                                                                                                        | ···································································································································██···························
RoutePOSTloginverifyMFAIntegrationPOSTloginverifyMFA8F22DE90                                                                                                       | ···································································································································████·························
RoutePOSTbankingentitybusiness1E9CA3B1                                                                                                                             | ···································································································································███··························
RoutePOSTbankingentityacknowledgementsAndConsentsC2ED3548                                                                                                          | ···································································································································██···························
RouteGETauthoriseE8D27478                                                                                                                                          | ···································································································································██···························
RouteGETonboardingbusinessabnabnchecksFF4DBCAA                                                                                                                     | ···································································································································██···························
kycLambdaExecutorLogRetention692560C9                                                                                                                              | ···································································································································██···························
RoutePOSTtestfixturesetNewActiveConfigs00F37B2D                                                                                                                    | ···································································································································█····························
devRestApiDeploymentStagejez020715B744                                                                                                                             | ···································································································································██···························
RouteGETv2accountsIntegrationGETv2accountsPermissionE1A5F5BA                                                                                                       | ···································································································································█····························
RouteGETv2accountsidIntegrationGETv2accountsidPermission659F81A2                                                                                                   | ···································································································································█····························
generateMonthlyStatementLambdaSqsEventSourcejez02bosphorusTxbAccountsmonthlyStatementQueue1D17DF97AD9FF9BA                                                         | ···································································································································█████························
closureStatementGenerationLogRetentionB0DE0676                                                                                                                     | ···································································································································███··························
generateMonthlyStatementLambdaParameterfunctionName3EE258AB                                                                                                        | ···································································································································█····························
generateMonthlyStatementLambdaLogRetention0483CB6F                                                                                                                 | ···································································································································████·························
RouteGETtransactionsaggregatesIntegrationGETtransactionsaggregatesD21BDF26                                                                                         | ···································································································································█····························
schedPaymentsListenerFnSqsEventSourcejez02bosphorusTxbPaymentsschedPaymentsQueue18D37D1A0C228BC3                                                                   | ···································································································································████·························
schedPaymentsListenerFnParameterfunctionNameAC4B9D6F                                                                                                               | ···································································································································██···························
transactionsApiLambdaLogRetention682FC469                                                                                                                          | ···································································································································███··························
RouteGETtransactionsIntegrationGETtransactions27C635F1                                                                                                             | ···································································································································██···························
schedPaymentsListenerFnLogRetention0CAFA157                                                                                                                        | ···································································································································███··························
RoutePOSTmfasend8DDC7BB7                                                                                                                                           | ····································································································································█···························
RoutePOSTbankingentityindividualFDFA0D53                                                                                                                           | ····································································································································█···························
RoutePOSTsignupproxy1EDF3FD4                                                                                                                                       | ····································································································································█···························
RouteGETbankingentitybankingEntityId4963902E                                                                                                                       | ····································································································································█···························
RoutePOSTmfastartscope38AFCD02                                                                                                                                     | ····································································································································█···························
RoutePOSTv2loginforgotpassword588AC51D                                                                                                                             | ····································································································································█···························
RoutePOSTloginforgotPasswordF9366C5C                                                                                                                               | ····································································································································█···························
RoutePOSTloginrefreshCEB94FCD                                                                                                                                      | ····································································································································█···························
RoutePOSTloginconfirmForgotPassword6FDCBD3E                                                                                                                        | ····································································································································█···························
RoutePOSTloginDFE2E3CC                                                                                                                                             | ····································································································································█···························
RouteGETbankingentityconfigB0F02678                                                                                                                                | ····································································································································█···························
RoutePATCHloginrevokeSession88D64BC1                                                                                                                               | ····································································································································█···························
RouteGETpayidIntegrationGETpayid9686941E                                                                                                                           | ····································································································································█···························
RoutePOSTpayidproxyIntegrationPOSTpayidproxy925DC77F                                                                                                               | ····································································································································█···························
RouteGETpayidregisterdetailsIntegrationGETpayidregisterdetails51A3D082                                                                                             | ····································································································································██··························
RouteGETtransactionsaggregatesC26A97B6                                                                                                                             | ····································································································································█···························
RoutePATCHpayidmanagealiasIdIntegrationPATCHpayidmanagealiasId684D7056                                                                                             | ····································································································································█···························
payIdApiLambdaLogRetentionF5A4CE82                                                                                                                                 | ····································································································································█···························
RouteGETtransactions1B31A1D1                                                                                                                                       | ····································································································································█···························
paymentsV3ApiLambdaLogRetention5B7C6078                                                                                                                            | ····································································································································██··························
RouteGETv3paymentsIntegrationGETv3payments58C8CA2E                                                                                                                 | ····································································································································█···························
RouteGETv3paymentspaymentIdIntegrationGETv3paymentspaymentId487C1C22                                                                                               | ····································································································································█···························
RouteDELETEv3paymentspaymentIdIntegrationDELETEv3paymentspaymentIdE571A91D                                                                                         | ····································································································································█···························
RouteGETv3paymentspaymentIdvalidateIntegrationGETv3paymentspaymentIdvalidate6F94E058                                                                               | ····································································································································██··························
RoutePUTv3paymentspaymentIdauthorizeIntegrationPUTv3paymentspaymentIdauthorize2A488D8F                                                                             | ····································································································································█···························
RoutePOSTv3paymentspaymentIdexternalprocessIntegrationPOSTv3paymentspaymentIdexternalprocessC6B2B1F3                                                               | ····································································································································██··························
RouteGETproductsproxyIntegrationGETproductsproxyPermission070E0AC2                                                                                                 | ····································································································································█···························
productsApiLambdaParameterfunctionNameF0145A32                                                                                                                     | ····································································································································█···························
entityConfigListenerFnLogRetention0C5F7B92                                                                                                                         | ····································································································································██··························
afcxSftpDownloadHandler310C6B49                                                                                                                                    | ····································································································································████························
f1AsyncCallbackHandlerLambdaFnF33FEDC4                                                                                                                             | ····································································································································█████·······················
userUpdateListenerC0CB590E                                                                                                                                         | ····································································································································███·························
inviteKYCListener7E5AE6C8                                                                                                                                          | ····································································································································███·························
blocklistEventsListener492201B1                                                                                                                                    | ····································································································································███████·····················
inviteListenerFED4700B                                                                                                                                             | ····································································································································█████·······················
kybApplicationPrefillListenerFCB47936                                                                                                                              | ····································································································································███·························
s3EventsListenerF5C23DA4                                                                                                                                           | ····································································································································███·························
connectCaseListenerEF09F5A1                                                                                                                                        | ····································································································································██··························
afcxSftpDownloadProcessorB8833E04                                                                                                                                  | ····································································································································█████·······················
userEntityMapListener13FFDC65                                                                                                                                      | ····································································································································███·························
onboardingDocumentAvScanFinishedHandler29D53CEB                                                                                                                    | ····································································································································████························
afcxSftpUploadProcessHandlerDD19BB00                                                                                                                               | ····································································································································███·························
tenxEventsListener9AE3C1CB                                                                                                                                         | ····································································································································████························
userEventListener447C8569                                                                                                                                          | ····································································································································███·························
bypassKybLambdaFnLogRetention84139124                                                                                                                              | ····································································································································█···························
complianceFunctionLogRetentionFB7A23BA                                                                                                                             | ····································································································································██··························
devRestApitestfixtureuserPOSTApiPermissionjez02bosphorusDevStackdevRestApi30F895A2POSTtestfixtureuser4F3B8EB7                                                      | ····································································································································█···························
devRestApitestfixturedisburseLoanPOSTApiPermissionjez02bosphorusDevStackdevRestApi30F895A2POSTtestfixturedisburseLoan242AAA14                                      | ····································································································································██··························
devRestApitestfixturefundAccountPOSTApiPermissionjez02bosphorusDevStackdevRestApi30F895A2POSTtestfixturefundAccountB7D8E48E                                        | ····································································································································██··························
devRestApitestfixtureopsConsolelendingActionsPOSTApiPermissionjez02bosphorusDevStackdevRestApi30F895A2POSTtestfixtureopsConsolelendingActions49CA8F8E              | ····································································································································█···························
devRestApitestfixturePOSTApiPermissionjez02bosphorusDevStackdevRestApi30F895A2POSTtestfixtureC7EC7387                                                              | ····································································································································█···························
devRestApitestfixturesetNewActiveConfigsPOSTApiPermissionjez02bosphorusDevStackdevRestApi30F895A2POSTtestfixturesetNewActiveConfigs82FC23C3                        | ····································································································································█···························
devRestApiParameterurl39D68F33                                                                                                                                     | ····································································································································█···························
devRestApitestfixturefactoryPOSTApiPermissionjez02bosphorusDevStackdevRestApi30F895A2POSTtestfixturefactory2EAB442B                                                | ····································································································································██··························
txnRecQueuePolicyFFC3A800                                                                                                                                          | ····································································································································█···························
bankFeedStatementManualInvokerParameterfunctionName6720BEE1                                                                                                        | ····································································································································█···························
RoutePOSTv3paymentsexternalrequestIntegrationPOSTv3paymentsexternalrequest9EE58EC5                                                                                 | ····································································································································█···························
RoutePOSTcardsidproxyIntegrationPOSTcardsidproxy98B7D83F                                                                                                           | ····································································································································█···························
RouteGETcardsidproxyIntegrationGETcardsidproxy8AA5BD27                                                                                                             | ····································································································································█···························
RouteGETcardsidIntegrationGETcardsidCF87B0B8                                                                                                                       | ····································································································································█···························
cardsApiLambdaLogRetention7A64DC42                                                                                                                                 | ····································································································································██··························
RouteGETcardsIntegrationGETcardsDC6DE82A                                                                                                                           | ····································································································································█···························
RoutePOSTbatchtransfervalidateabaIntegrationPOSTbatchtransfervalidateabaPermission66882988                                                                         | ····································································································································█···························
batchTransferApiLambdaParameterfunctionName3A5A8A21                                                                                                                | ····································································································································█···························
RoutePOSTcardsIntegrationPOSTcardsAFA94B41                                                                                                                         | ····································································································································█···························
cardSuspenseHandlerLogRetentionD50B36F9                                                                                                                            | ····································································································································██··························
RouteGETpayid021CB0D1                                                                                                                                              | ····································································································································█···························
cardsPubKeyApiLambdaLogRetention36F0B20A                                                                                                                           | ····································································································································██··························
RouteGETcardspubkeyIntegrationGETcardspubkeyDB725165                                                                                                               | ····································································································································█···························
RouteGETv3paymentspaymentIdCFDD5590                                                                                                                                | ····································································································································██··························
RouteGETv3payments39E5D528                                                                                                                                         | ····································································································································██··························
schedPaymentsQueuePolicyDDBC4B0E                                                                                                                                   | ····································································································································█···························
RoutePOSTpayidproxyC85519C2                                                                                                                                        | ····································································································································██··························
RoutePUTv3paymentspaymentIdauthorizeE567F1A1                                                                                                                       | ····································································································································██··························
RouteDELETEv3paymentspaymentIdDC916AC7                                                                                                                             | ····································································································································██··························
RouteGETcomplianceapplicationcomplianceApplicationIdIntegrationGETcomplianceapplicationcomplianceApplicationIdFA203EF8                                             | ····································································································································█···························
bankFeedForwarderQueuePolicyBC3F4D10                                                                                                                               | ····································································································································██··························
productsV2ApiLambdaParameterfunctionNameFDF34655                                                                                                                   | ····································································································································█···························
RouteGETv2productsavailableIntegrationGETv2productsavailablePermissionC5B0D601                                                                                     | ····································································································································██··························
RouteGETv2productssummaryidversionversionIntegrationGETv2productssummaryidversionversionPermission92716BCA                                                         | ····································································································································███·························
RoutePOSTv2accountsIntegrationPOSTv2accountsE0CD72D4                                                                                                               | ····································································································································██··························
accountsV2ApiLambdaLogRetention685F5B96                                                                                                                            | ····································································································································██··························
RouteGETv2accountsidIntegrationGETv2accountsidA2532128                                                                                                             | ····································································································································██··························
RoutePATCHv2accountsidnameIntegrationPATCHv2accountsidname036ED981                                                                                                 | ····································································································································█···························
RouteGETv2accountsIntegrationGETv2accounts680D7D08                                                                                                                 | ····································································································································█···························
entityConfigQueuePolicy22D3F39B                                                                                                                                    | ····································································································································██··························
RoutePOSTkybstartIntegrationPOSTkybstart9B26E194                                                                                                                   | ····································································································································██··························
RouteGETkybapplicationdocumentdocumentIdstatusIntegrationGETkybapplicationdocumentdocumentIdstatusA0FED9C8                                                         | ····································································································································██··························
RoutePATCHkybapplicationIntegrationPATCHkybapplication3E9CB9A5                                                                                                     | ····································································································································██··························
kybFunctionLogRetention0E7DFD7A                                                                                                                                    | ····································································································································██··························
RoutePOSTkybretrieveBusinessStructureIntegrationPOSTkybretrieveBusinessStructureC66BCFF6                                                                           | ····································································································································██··························
RoutePOSTkybapplicationdocumentuploadUrlIntegrationPOSTkybapplicationdocumentuploadUrlB3FA1B19                                                                     | ····································································································································██··························
RouteGETkybapplicationIntegrationGETkybapplicationDF2988CD                                                                                                         | ····································································································································██··························
RoutePOSTkybapplicationdocumentsubmitIntegrationPOSTkybapplicationdocumentsubmit7DE70980                                                                           | ····································································································································██··························
RouteGETcardsidproxy1C1A2016                                                                                                                                       | ····································································································································██··························
RoutePOSTcardsidproxy3C4B619B                                                                                                                                      | ····································································································································██··························
RouteGETcardsid0C2FDC30                                                                                                                                            | ····································································································································██··························
RoutePOSTcardsD3E1360D                                                                                                                                             | ····································································································································██··························
RouteGETcardsC38764DC                                                                                                                                              | ····································································································································██··························
RoutePATCHpayidmanagealiasId5C57A50C                                                                                                                               | ·····································································································································█··························
RouteGETcardspubkeyD76F4A68                                                                                                                                        | ·····································································································································█··························
paymentPushNotificationListenerFnLogRetentionB1BE2644                                                                                                              | ·····································································································································█··························
batchTransferApiLambdaLogRetentionA83DDEE6                                                                                                                         | ·····································································································································█··························
RoutePOSTbatchtransfervalidateabaIntegrationPOSTbatchtransfervalidateabaC36204AB                                                                                   | ·····································································································································█··························
tenxEventsQueuePolicy3F3D3FFA                                                                                                                                      | ·····································································································································█··························
afcxSftpDownloadProcessQueuePolicyD5FB0BAD                                                                                                                         | ·····································································································································█··························
blocklistEventsQueuePolicyB8DFB26B                                                                                                                                 | ·····································································································································█··························
inviteKYCEventQueuePolicy95CC89A2                                                                                                                                  | ·····································································································································█··························
kybApplicationEventQueuePolicy151A9277                                                                                                                             | ·····································································································································█··························
afcxSftpUploadProcessQueuePolicy9011F0C8                                                                                                                           | ·····································································································································█··························
userUpdateListenerQueuePolicyAC96730B                                                                                                                              | ·····································································································································█··························
f1EventQueuePolicy45F370A6                                                                                                                                         | ·····································································································································█··························
blocklistS3EventsQueuePolicy4DD6FDDA                                                                                                                               | ·····································································································································█··························
onboardingconnectcasesqueueQueuePolicy38B590C5                                                                                                                     | ·····································································································································█··························
connectCaseListenerSqsEventSourcejez02bosphorusOnboardingAndIdentityEventsonboardingconnectcasesqueueQueue06BB68FD74ED5C8F                                         | ·····································································································································███························
inviteKYCListenerParameterfunctionName6EF06426                                                                                                                     | ·····································································································································█··························
connectCaseListenerParameterfunctionName7E2459F2                                                                                                                   | ·····································································································································█··························
userEventQueuePolicy52FA15FB                                                                                                                                       | ·····································································································································█··························
inviteKYCListenerSqsEventSourcejez02bosphorusOnboardingAndIdentityEventsinviteKYCEventQueueAA60A5656DA3250F                                                        | ·····································································································································█████······················
RouteGETcomplianceapplicationcomplianceApplicationId60CFADD8                                                                                                       | ·····································································································································█··························
RoutePATCHv2accountsidname7B855062                                                                                                                                 | ·····································································································································█··························
RouteGETv2accountsid3D0A03A8                                                                                                                                       | ·····································································································································█··························
RoutePOSTv2accounts647ED6AB                                                                                                                                        | ·····································································································································█··························
closureStatementGenerationQueueV2QueuePolicyF005F039                                                                                                               | ·····································································································································█··························
RouteGETkybapplicationdocumentdocumentIdstatusBE0A4B15                                                                                                             | ·····································································································································█··························
RoutePOSTkybretrieveBusinessStructure59F78507                                                                                                                      | ·····································································································································█··························
RoutePOSTkybapplicationdocumentuploadUrl6AE473CE                                                                                                                   | ·····································································································································█··························
RouteGETv3paymentspaymentIdvalidate28342029                                                                                                                        | ·····································································································································█··························
replacedCardListenerLogRetention52FA54D2                                                                                                                           | ·····································································································································█··························
RoutePOSTv3paymentspaymentIdexternalprocess520FB806                                                                                                                | ·····································································································································█··························
RoutePOSTv3paymentsexternalrequest87E73F1C                                                                                                                         | ·····································································································································█··························
s3EventsListenerSqsEventSourcejez02bosphorusOnboardingAndIdentityEventsblocklistS3EventsQueue4ADE80B551FEDF2D                                                      | ·····································································································································██████·····················
s3EventsListenerParameterfunctionNameAE6E2943                                                                                                                      | ·····································································································································█··························
populateSourceOfFundsHandlerLogRetention23713B0D                                                                                                                   | ·····································································································································█··························
RouteGETv2accounts6E8FDCC5                                                                                                                                         | ·····································································································································█··························
closureStatementGenerationQueuePolicy8C38BC98                                                                                                                      | ·····································································································································█··························
RouteGETproductsproxyIntegrationGETproductsproxyDF293CCE                                                                                                           | ·····································································································································█··························
productsApiLambdaLogRetention7F5C9DC3                                                                                                                              | ·····································································································································█··························
RoutePOSTkybstartF5856A32                                                                                                                                          | ·····································································································································█··························
RouteGETkybapplication5C668B47                                                                                                                                     | ·····································································································································█··························
RoutePOSTkybapplicationdocumentsubmitD389C98E                                                                                                                      | ·····································································································································█··························
RoutePOSTbatchtransfervalidateaba184DC41D                                                                                                                          | ·····································································································································█··························
RouteGETpayidregisterdetails7A9F1514                                                                                                                               | ·····································································································································█··························
cardListenerQueuePolicy134FEF73                                                                                                                                    | ·····································································································································█··························
onboardingDocumentAvScanFinishedHandlerParameterfunctionName8520BC92                                                                                               | ·····································································································································█··························
onboardingDocumentAvScanFinishedHandlerAllowInvokejez02bosphorusPersistenceavResultTopicImport73234B6F68402391                                                     | ·····································································································································█··························
onboardingDocumentAvScanFinishedHandleravResultTopicImport1794BE53                                                                                                 | ·····································································································································█··························
kybApplicationPrefillListenerSqsEventSourcejez02bosphorusOnboardingAndIdentityEventskybApplicationEventQueue09F4BD0FD69F2F46                                       | ·····································································································································██████·····················
userUpdateListenerSqsEventSourcejez02bosphorusOnboardingAndIdentityEventsuserUpdateListenerQueueD9B458DB93EA8B41                                                   | ·····································································································································████·······················
kybApplicationPrefillListenerParameterfunctionName39970CB9                                                                                                         | ·····································································································································█··························
userUpdateListenerParameterfunctionNameE4F18ECF                                                                                                                    | ·····································································································································█··························
BusinessEntityUsersAD28629C                                                                                                                                        | ·····································································································································██████████████·············
userEntityMapListenerParameterfunctionNameDEB9FED5                                                                                                                 | ·····································································································································█··························
createTestUserLogRetentionA9B7DCC4                                                                                                                                 | ·····································································································································█··························
populateIndustriesHandlerLogRetentionE804DFB0                                                                                                                      | ·····································································································································██·························
RouteGETproductsproxyB9FCD1D9                                                                                                                                      | ·····································································································································██·························
RoutePATCHkybapplication3F1D2E58                                                                                                                                   | ·····································································································································██·························
kycjez02bosphorusOnboardingAndIdentityKYXC6F1B10B                                                                                                                  | ·····································································································································██·························
kybStepFunctionjez02bosphorusOnboardingAndIdentityKYXBD77C2F0                                                                                                      | ·····································································································································██·························
connectCaseListenerLogRetentionA7499618                                                                                                                            | ·····································································································································██·························
kycStepFunctionArnParametervalue98C1419A                                                                                                                           | ······································································································································█·························
bankFeedStatementManualInvokerLogRetention108D9D99                                                                                                                 | ······································································································································█·························
RouteGETv1paymentlimitsIntegrationGETv1paymentlimitsD3DC218A                                                                                                       | ······································································································································█·························
paymentLimitsApiLambdaLogRetentionC844AB5F                                                                                                                         | ······································································································································█·························
RouteGETv1paymentlimitsaccountaccountIdIntegrationGETv1paymentlimitsaccountaccountId3135EDFF                                                                       | ······································································································································█·························
payeesV2ApiLambdaLogRetention7E1DA821                                                                                                                              | ······································································································································█·························
RouteGETpayeesidIntegrationGETpayeesid662E052B                                                                                                                     | ······································································································································█·························
RouteDELETEpayeesidIntegrationDELETEpayeesid35BA5A9E                                                                                                               | ······································································································································█·························
userEventListenerSqsEventSourcejez02bosphorusOnboardingAndIdentityEventsuserEventQueueF09C7881CF790C53                                                             | ······································································································································████······················
userEventListenerParameterfunctionName81A006C5                                                                                                                     | ······································································································································█·························
kybApplicationPrefillListenerLogRetentionE1324180                                                                                                                  | ······································································································································█·························
userEventListenerLogRetentionAA0223B9                                                                                                                              | ······································································································································██························
afcxSftpUploadProcessHandlerParameterfunctionName4DEEDDDB                                                                                                          | ······································································································································█·························
afcxSftpDownloadCronRule60CEB7FB                                                                                                                                   | ······································································································································██████████████············
afcxSftpUploadProcessHandlerSqsEventSourcejez02bosphorusOnboardingAndIdentityEventsafcxSftpUploadProcessQueueE30F9F5A795D7811                                      | ······································································································································█████·····················
populateOccupationsProviderframeworkonEventEC8981F5                                                                                                                | ······································································································································███·······················
populateIndustriesProviderframeworkonEventBED0978F                                                                                                                 | ······································································································································██························
populateSourceOfFundsProviderframeworkonEventE7ACF7D5                                                                                                              | ······································································································································██························
kycFunctionCB447EB9                                                                                                                                                | ······································································································································██························
kybStepFunctionArnParametervalue08D55A61                                                                                                                           | ······································································································································█·························
RouteGETv2productsavailableIntegrationGETv2productsavailableA0F731A5                                                                                               | ······································································································································█·························
productsV2ApiLambdaLogRetention974B0C00                                                                                                                            | ······································································································································█·························
RouteGETv2productssummaryidversionversionIntegrationGETv2productssummaryidversionversion53D96B40                                                                   | ······································································································································█·························
RouteGETpayeesIntegrationGETpayees54221817                                                                                                                         | ······································································································································█·························
RoutePOSTpayeesIntegrationPOSTpayees2456012C                                                                                                                       | ······································································································································██························
RouteGETv1paymentlimitsaccountaccountId2940DF9C                                                                                                                    | ······································································································································█·························
s3EventsListenerLogRetentionA5589D54                                                                                                                               | ······································································································································██························
afcxSftpDownloadHandlerParameterfunctionNameB3CC9E1B                                                                                                               | ······································································································································█·························
afcxSftpUploadProcessHandlerLogRetentionE95CAC1C                                                                                                                   | ······································································································································██························
inviteKYCListenerLogRetention090A05EF                                                                                                                              | ······································································································································█·························
tenxEventsListenerParameterfunctionName3BEB0562                                                                                                                    | ······································································································································█·························
tenxEventsListenerSqsEventSourcejez02bosphorusOnboardingAndIdentityEventstenxEventsQueueBD544E14C3C2D8F3                                                           | ······································································································································██████····················
RouteGETv2productssummaryidversionversionFEDF0524                                                                                                                  | ······································································································································█·························
cardListenerListenerFnSqsEventSourcejez02bosphorusTxbPaymentscardListenerQueue79E46838E9759B2F                                                                     | ······································································································································██████····················
cardListenerListenerFnLogRetention91A15A61                                                                                                                         | ······································································································································█████·····················
RouteGETpayeesid1A885104                                                                                                                                           | ······································································································································█·························
RouteDELETEpayeesid86AC9065                                                                                                                                        | ······································································································································█·························
cardListenerListenerFnParameterfunctionName104A39AE                                                                                                                | ······································································································································█·························
RouteGETpayeesFD99CF4D                                                                                                                                             | ······································································································································█·························
paymentRequestsListenerDynamoDBEventSourcejez02bosphorusPersistenceTransactionBankingTableC76D9541C4986270                                                         | ······································································································································█·························
paymentRequestsListenerParameterfunctionName1AA0AA53                                                                                                               | ······································································································································█·························
userUpdateListenerLogRetention6CC862C1                                                                                                                             | ······································································································································██························
userEntityMapListenerLogRetention2BC402C0                                                                                                                          | ······································································································································██························
inviteListenerDynamoDBEventSourcejez02bosphorusPersistenceonboardingTableCD4944483255523A                                                                          | ······································································································································███·······················
inviteListenerParameterfunctionName50DC6AB3                                                                                                                        | ······································································································································█·························
RoutePATCHkycapplicationkycApplicationIdidentityDocidentityDocumentIdIntegrationPATCHkycapplicationkycApplicationIdidentityDocidentityDocumentIdPermission4E9DF4F9 | ······································································································································██························
RoutePOSTkycapplicationkycApplicationIdresubmitDetailsIntegrationPOSTkycapplicationkycApplicationIdresubmitDetailsPermissionE33E5299                               | ······································································································································██························
RouteGETkycapplicationkycApplicationIdidentityDocIntegrationGETkycapplicationkycApplicationIdidentityDocPermission5FE4EDDE                                         | ······································································································································██························
RouteGETkycapplicationkycApplicationIdidentityDocDetailsIntegrationGETkycapplicationkycApplicationIdidentityDocDetailsPermission499AE1A6                           | ······································································································································██························
RoutePOSTkycapplicationkycApplicationIdcheckBiometricExecutionIntegrationPOSTkycapplicationkycApplicationIdcheckBiometricExecutionPermissionF4C7D142               | ······································································································································██························
RouteGETkycapplicationIntegrationGETkycapplicationPermissionCB0C22AE                                                                                               | ······································································································································██························
RoutePOSTkycapplicationkycApplicationIdstartIntegrationPOSTkycapplicationkycApplicationIdstartPermissionA35AF8F2                                                   | ······································································································································██························
RoutePUTkycapplicationkycApplicationIdidentityDocidentityDocumentIdIntegrationPUTkycapplicationkycApplicationIdidentityDocidentityDocumentIdPermission57C0BA60     | ······································································································································██························
RoutePOSTkycapplicationIntegrationPOSTkycapplicationPermission374B09C9                                                                                             | ······································································································································██························
RouteDELETEkycapplicationkycApplicationIdidentityDocIntegrationDELETEkycapplicationkycApplicationIdidentityDocPermission4A05A9D7                                   | ······································································································································███·······················
kycFunctionParameterfunctionNameA882D077                                                                                                                           | ······································································································································██························
RouteGETkycapplicationkycApplicationIdIntegrationGETkycapplicationkycApplicationIdPermission3CD2B016                                                               | ······································································································································██························
RouteDELETEkycapplicationkycApplicationIdidentityDocidentityDocIdIntegrationDELETEkycapplicationkycApplicationIdidentityDocidentityDocIdPermissionF628E799         | ······································································································································██························
RoutePOSTkycapplicationkycApplicationIdgenerateidvsdktokenIntegrationPOSTkycapplicationkycApplicationIdgenerateidvsdktokenPermission19738799                       | ······································································································································██························
RoutePATCHkyckycApplicationIdinviteIntegrationPATCHkyckycApplicationIdinvitePermission72619B36                                                                     | ······································································································································██························
RoutePUTkycapplicationkycApplicationIdidentityDocIntegrationPUTkycapplicationkycApplicationIdidentityDocPermission0FBBD0B1                                         | ······································································································································██························
RoutePATCHkycapplicationkycApplicationIdIntegrationPATCHkycapplicationkycApplicationIdPermissionA9B71249                                                           | ······································································································································██························
RoutePOSTkyckycApplicationIdinviteIntegrationPOSTkyckycApplicationIdinvitePermission46F9158B                                                                       | ······································································································································██························
RoutePOSTkycapplicationkycApplicationIdidentityDocIntegrationPOSTkycapplicationkycApplicationIdidentityDocPermissionE4D91199                                       | ······································································································································██························
RouteGETv2productsavailableC2EA1F5C                                                                                                                                | ······································································································································██························
RoutePOSTloginverifyMFA2DAA5CE6                                                                                                                                    | ······································································································································█·························
accountClosureDlqDriverParameterfunctionName7CBC4D51                                                                                                               | ·······································································································································█························
hourlyAccountClosureQueueDriverRule33B6D0B9                                                                                                                        | ·······································································································································██████████████···········
bankFeedStatementInvokerLogRetentionBB341D82                                                                                                                       | ·······································································································································█························
bankFeedStatementInvokerParameterfunctionNameBC9F082F                                                                                                              | ·······································································································································█························
bpayLambdaParameterfunctionNameF3050B72                                                                                                                            | ·······································································································································█························
RouteGETbpaybillerCodeIntegrationGETbpaybillerCode2EFC8C46                                                                                                         | ·······································································································································█························
RouteGETbpaybillerCodeIntegrationGETbpaybillerCodePermission095F7231                                                                                               | ·······································································································································█························
paymentsV2LambdaLogRetention490ED048                                                                                                                               | ·······································································································································█························
RouteDELETEpaymentsproxyIntegrationDELETEpaymentsproxyPermission71B70416                                                                                           | ·······································································································································█························
RouteGETpaymentsproxyIntegrationGETpaymentsproxy549F0136                                                                                                           | ·······································································································································█························
RouteGETpaymentsproxyIntegrationGETpaymentsproxyPermission839DEAA5                                                                                                 | ·······································································································································█························
bpayLambdaLogRetentionE20A4DF5                                                                                                                                     | ·······································································································································█························
paymentsV2LambdaParameterfunctionName430041A2                                                                                                                      | ·······································································································································█························
RoutePOSTpaymentsproxyIntegrationPOSTpaymentsproxy296FE40F                                                                                                         | ·······································································································································█························
RoutePOSTpaymentsproxyIntegrationPOSTpaymentsproxyPermission7291146C                                                                                               | ·······································································································································█························
RouteDELETEpaymentsproxyIntegrationDELETEpaymentsproxy2B9461B2                                                                                                     | ·······································································································································█························
RouteGETv1paymentlimitsDE643FE7                                                                                                                                    | ·······································································································································█························
afcxSftpDownloadProcessorParameterfunctionName340FCEB6                                                                                                             | ·······································································································································█························
afcxSftpDownloadProcessorSqsEventSourcejez02bosphorusOnboardingAndIdentityEventsafcxSftpDownloadProcessQueueF83B02EB7334F752                                       | ·······································································································································█████····················
afcxSftpDownloadHandlerLogRetention3E228255                                                                                                                        | ·······································································································································█························
bankFeedStatementInvokerSqsEventSourcejez02bosphorusTxbBusinessBankingtxnRecQueue83DD3C015AF81BDB                                                                  | ·······································································································································█████····················
RouteGETpaymentsproxyEE00B57A                                                                                                                                      | ·······································································································································█························
RouteGETbpaybillerCode032CE929                                                                                                                                     | ·······································································································································█························
RoutePOSTpaymentsproxy3CE685C3                                                                                                                                     | ·······································································································································█························
RouteDELETEpaymentsproxy5D728B9A                                                                                                                                   | ·······································································································································█························
RoutePOSTv2cardsidactivateIntegrationPOSTv2cardsidactivatePermission713432EB                                                                                       | ·······································································································································█························
cardsV2ApiLambdaParameterfunctionNameD6CA8286                                                                                                                      | ·······································································································································█························
onboardingDocumentAvScanFinishedHandlerLogRetention52477686                                                                                                        | ·······································································································································█························
tenxEventsListenerLogRetention2F707D4C                                                                                                                             | ·······································································································································██·······················
f1AsyncCallbackHandlerLambdaFnParameterfunctionName763E2CA5                                                                                                        | ·······································································································································█························
statementApiLambdaParameterfunctionName1440501E                                                                                                                    | ·······································································································································█························
RouteGETaccountsidstatementsIntegrationGETaccountsidstatementsPermission22C561BF                                                                                   | ·······································································································································██·······················
RouteGETaccountsidstatementsproxyIntegrationGETaccountsidstatementsproxyPermissionAFBDAF7D                                                                         | ·······································································································································█························
bankingEntityB2BFunctionParameterfunctionNameF4AEACD1                                                                                                              | ·······································································································································█························
paymentRequestsListenerLogRetention75DFF212                                                                                                                        | ·······································································································································██·······················
RoutePOSTpayees1D114AF0                                                                                                                                            | ·······································································································································██·······················
f1AsyncCallbackHandlerLambdaFnSqsEventSourcejez02bosphorusOnboardingAndIdentityEventsf1EventQueue2EE298CD0FD688A3                                                  | ·······································································································································████·····················
RouteDELETEkycapplicationkycApplicationIdidentityDocidentityDocIdIntegrationDELETEkycapplicationkycApplicationIdidentityDocidentityDocId4D2E5BE5                   | ·······································································································································██·······················
RoutePUTkycapplicationkycApplicationIdidentityDocidentityDocumentIdIntegrationPUTkycapplicationkycApplicationIdidentityDocidentityDocumentId4B214410               | ·······································································································································██·······················
RoutePOSTkycapplicationkycApplicationIdgenerateidvsdktokenIntegrationPOSTkycapplicationkycApplicationIdgenerateidvsdktokenCA42F5E5                                 | ·······································································································································██·······················
RouteGETkycapplicationkycApplicationIdidentityDocDetailsIntegrationGETkycapplicationkycApplicationIdidentityDocDetailsB3F279DF                                     | ·······································································································································██·······················
RoutePOSTkycapplicationkycApplicationIdcheckBiometricExecutionIntegrationPOSTkycapplicationkycApplicationIdcheckBiometricExecution02E7FFED                         | ·······································································································································██·······················
RouteDELETEkycapplicationkycApplicationIdidentityDocIntegrationDELETEkycapplicationkycApplicationIdidentityDoc939FF1D3                                             | ·······································································································································██·······················
RouteGETkycapplicationkycApplicationIdIntegrationGETkycapplicationkycApplicationId8A6E534E                                                                         | ·······································································································································██·······················
RoutePUTkycapplicationkycApplicationIdidentityDocIntegrationPUTkycapplicationkycApplicationIdidentityDoc4CF51D08                                                   | ·······································································································································██·······················
RoutePOSTkycapplicationkycApplicationIdstartIntegrationPOSTkycapplicationkycApplicationIdstartDF3178F1                                                             | ·······································································································································██·······················
RoutePOSTkycapplicationIntegrationPOSTkycapplication6F6580EA                                                                                                       | ·······································································································································██·······················
RoutePATCHkyckycApplicationIdinviteIntegrationPATCHkyckycApplicationIdinvite7EF43C91                                                                               | ·······································································································································██·······················
RoutePATCHkycapplicationkycApplicationIdIntegrationPATCHkycapplicationkycApplicationIdFE3D7CF5                                                                     | ·······································································································································██·······················
RoutePOSTkycapplicationkycApplicationIdidentityDocIntegrationPOSTkycapplicationkycApplicationIdidentityDoc5A5FE636                                                 | ·······································································································································██·······················
RoutePOSTkyckycApplicationIdinviteIntegrationPOSTkyckycApplicationIdinvite9410B168                                                                                 | ·······································································································································██·······················
RouteGETkycapplicationkycApplicationIdidentityDocIntegrationGETkycapplicationkycApplicationIdidentityDocFB04E232                                                   | ·······································································································································██·······················
kycFunctionLogRetention78F22F01                                                                                                                                    | ·······································································································································██·······················
RoutePOSTkycapplicationkycApplicationIdresubmitDetailsIntegrationPOSTkycapplicationkycApplicationIdresubmitDetails154349B8                                         | ·······································································································································██·······················
RoutePATCHkycapplicationkycApplicationIdidentityDocidentityDocumentIdIntegrationPATCHkycapplicationkycApplicationIdidentityDocidentityDocumentId69F49E21           | ·······································································································································██·······················
RouteGETkycapplicationIntegrationGETkycapplicationA313625B                                                                                                         | ·······································································································································██·······················
populateSourceOfFundsCustomResource                                                                                                                                | ·······································································································································██·······················
RouteGETcdrarrangementsarrangementIdIntegrationGETcdrarrangementsarrangementIdF1DC3010                                                                             | ·······································································································································██·······················
CdrArrangementsLogRetentionEA9BB483                                                                                                                                | ·······································································································································██·······················
RouteGETcdrarrangementsIntegrationGETcdrarrangementsBBEF9493                                                                                                       | ·······································································································································██·······················
RouteDELETEcdrarrangementsarrangementIdIntegrationDELETEcdrarrangementsarrangementId151612A7                                                                       | ·······································································································································██·······················
populateIndustriesCustomResource                                                                                                                                   | ·······································································································································███······················
inviteListenerLogRetentionD494560E                                                                                                                                 | ········································································································································█·······················
generateStatementParameterfunctionName566BEC01                                                                                                                     | ········································································································································█·······················
athenaquerystatementjez02bosphorusTxbAccounts                                                                                                                      | ········································································································································█·······················
RouteGETstripemerchantdetailIntegrationGETstripemerchantdetail40A28FEB                                                                                             | ········································································································································█·······················
RouteGETstripehealthIntegrationGETstripehealth3B5EA147                                                                                                             | ········································································································································█·······················
RoutePOSTstripemerchantservicesconsentIntegrationPOSTstripemerchantservicesconsent866C79DE                                                                         | ········································································································································█·······················
RoutePOSTstripepreviewinvoiceIntegrationPOSTstripepreviewinvoice76B306B0                                                                                           | ········································································································································█·······················
RouteGETstripepaymentmethodstatusIntegrationGETstripepaymentmethodstatusB1DE0B61                                                                                   | ········································································································································█·······················
RouteGETstripedownloadinvoicepaymentLinkIdIntegrationGETstripedownloadinvoicepaymentLinkIdECCCFD24                                                                 | ········································································································································█·······················
RoutePOSTstripemerchantdetailIntegrationPOSTstripemerchantdetail836A151A                                                                                           | ········································································································································██······················
RouteGETstripeaccountsessionIntegrationGETstripeaccountsession8D181A52                                                                                             | ········································································································································█·······················
RouteGETstripelistpaymentlinkinfoIntegrationGETstripelistpaymentlinkinfoF214D95E                                                                                   | ········································································································································█·······················
stripeApiLambdaLogRetention413F9D7B                                                                                                                                | ········································································································································█·······················
RoutePATCHstripedirectpaymentdetailpaymentLinkIdIntegrationPATCHstripedirectpaymentdetailpaymentLinkIdC33B3015                                                     | ········································································································································█·······················
RoutePATCHstripemerchantdetailIntegrationPATCHstripemerchantdetail424E39E1                                                                                         | ········································································································································█·······················
RoutePOSTstripecreatepaymentlinkIntegrationPOSTstripecreatepaymentlink514210AA                                                                                     | ········································································································································██······················
RoutePOSTstripemerchantwebhookIntegrationPOSTstripemerchantwebhook711B014B                                                                                         | ········································································································································█·······················
RoutePOSTstripecreateaccountIntegrationPOSTstripecreateaccount06C0A168                                                                                             | ········································································································································█·······················
RouteGETstripebalancedetailIntegrationGETstripebalancedetail9228D6A5                                                                                               | ········································································································································█·······················
UsersFunctionParameterfunctionNameEC421646                                                                                                                         | ········································································································································█·······················
RoutePOSTuseracknowledgementsandconsentsIntegrationPOSTuseracknowledgementsandconsentsPermission1D309855                                                           | ········································································································································█·······················
RoutePATCHusernotificationsIntegrationPATCHusernotificationsPermission58C3ED24                                                                                     | ········································································································································█·······················
RouteDELETEuserdevicesdeviceIdIntegrationDELETEuserdevicesdeviceId92E0C81D                                                                                         | ········································································································································█·······················
RoutePOSTuserverifyPasswordIntegrationPOSTuserverifyPassword635A0A79                                                                                               | ········································································································································███·····················
RoutePATCHuserconfirmAttrIntegrationPATCHuserconfirmAttr3217A50E                                                                                                   | ········································································································································███·····················
RoutePATCHuserdevicesdeviceIdsignOutIntegrationPATCHuserdevicesdeviceIdsignOutPermissionDB59C79C                                                                   | ········································································································································█·······················
RouteGETuserinviteV2inviteIdIntegrationGETuserinviteV2inviteIdEDFECE72                                                                                             | ········································································································································██████··················
RouteDELETEuserdevicesdeviceIdIntegrationDELETEuserdevicesdeviceIdPermission5B60985D                                                                               | ········································································································································█·······················
RoutePOSTuseracknowledgementsandconsentsIntegrationPOSTuseracknowledgementsandconsents82EA8D58                                                                     | ········································································································································██······················
RouteGETuserinviteV2inviteIdIntegrationGETuserinviteV2inviteIdPermission49B7694B                                                                                   | ········································································································································█·······················
RouteGETusersummaryIntegrationGETusersummaryF28E561B                                                                                                               | ········································································································································██······················
RouteGETuserinviteV2IntegrationGETuserinviteV2Permission0EEC5ABA                                                                                                   | ········································································································································█·······················
RoutePATCHuserupdateAttrIntegrationPATCHuserupdateAttr4D6B23CB                                                                                                     | ········································································································································█·······················
RoutePATCHuserupdateAttrIntegrationPATCHuserupdateAttrPermissionD6D0E301                                                                                           | ········································································································································█·······················
RoutePATCHusercurrentEntityIntegrationPATCHusercurrentEntityPermission2C91B71E                                                                                     | ········································································································································█·······················
RoutePATCHusercurrentEntityIntegrationPATCHusercurrentEntityA12E105B                                                                                               | ········································································································································█·······················
RoutePOSTuserinviteV2respondIntegrationPOSTuserinviteV2respondPermission5F043AE6                                                                                   | ········································································································································█·······················
RouteGETuserdevicesIntegrationGETuserdevicesB0F737D9                                                                                                               | ········································································································································██······················
RoutePATCHusernotificationsIntegrationPATCHusernotifications48D56830                                                                                               | ········································································································································█·······················
RoutePATCHuserpersonalIntegrationPATCHuserpersonalPermission5C2D1F45                                                                                               | ········································································································································█·······················
RoutePATCHuserdevicesdeviceIdsignOutIntegrationPATCHuserdevicesdeviceIdsignOut92FDD64F                                                                             | ········································································································································██······················
RoutePATCHuserconfirmAttrIntegrationPATCHuserconfirmAttrPermission91428B45                                                                                         | ········································································································································█·······················
RouteGETusersummaryIntegrationGETusersummaryPermission3A3BCB74                                                                                                     | ········································································································································██······················
RouteGETuserinviteV2IntegrationGETuserinviteV2591DC7C9                                                                                                             | ········································································································································█·······················
RouteGETcdrarrangementsarrangementIdB98B83F9                                                                                                                       | ········································································································································█·······················
RoutePATCHuserpersonalIntegrationPATCHuserpersonal276A2811                                                                                                         | ········································································································································██······················
RouteGETcdrarrangementsCFBE8708                                                                                                                                    | ········································································································································█·······················
RoutePOSTuserverifyPasswordIntegrationPOSTuserverifyPasswordPermissionBF3A21EA                                                                                     | ········································································································································█·······················
RoutePOSTuserinviteV2respondIntegrationPOSTuserinviteV2respondA17DA5C9                                                                                             | ········································································································································██████··················
RoutePATCHuserchangePasswordIntegrationPATCHuserchangePasswordPermissionD1809AD7                                                                                   | ········································································································································█·······················
RoutePATCHuserchangePasswordIntegrationPATCHuserchangePasswordCE84F4EF                                                                                             | ········································································································································███·····················
populateOccupationsCustomResource                                                                                                                                  | ········································································································································██······················
RouteDELETEcdrarrangementsarrangementIdBF87A110                                                                                                                    | ········································································································································█·······················
RouteGETuserdevicesIntegrationGETuserdevicesPermissionB274A036                                                                                                     | ········································································································································█·······················
UsersFunctionLogRetention8E83ABC4                                                                                                                                  | ········································································································································██······················
RoutePOSTv2cardsidactivateIntegrationPOSTv2cardsidactivate56107FB4                                                                                                 | ········································································································································██······················
RouteDELETEkycapplicationkycApplicationIdidentityDocidentityDocIdEFE0936D                                                                                          | ········································································································································█·······················
RoutePUTkycapplicationkycApplicationIdidentityDocidentityDocumentIdD5319F02                                                                                        | ········································································································································█·······················
RoutePOSTkycapplicationkycApplicationIdcheckBiometricExecution5DB158B4                                                                                             | ········································································································································█·······················
RouteDELETEkycapplicationkycApplicationIdidentityDoc42607742                                                                                                       | ········································································································································█·······················
RouteGETkycapplicationkycApplicationIdBC845B23                                                                                                                     | ········································································································································█·······················
RoutePOSTkyckycApplicationIdinviteAEA47444                                                                                                                         | ········································································································································█·······················
RoutePOSTkycapplicationD822AC9F                                                                                                                                    | ········································································································································█·······················
RoutePOSTkycapplicationkycApplicationIdgenerateidvsdktokenA1F22FBF                                                                                                 | ········································································································································█·······················
RoutePOSTkycapplicationkycApplicationIdidentityDoc7132551C                                                                                                         | ········································································································································█·······················
RoutePATCHkycapplicationkycApplicationIdidentityDocidentityDocumentId27642C50                                                                                      | ········································································································································█·······················
RoutePATCHkyckycApplicationIdinvite1464E588                                                                                                                        | ········································································································································█·······················
RouteGETkycapplicationkycApplicationIdidentityDoc0DED5A5C                                                                                                          | ········································································································································█·······················
RoutePOSTkycapplicationkycApplicationIdstart2BD7FB28                                                                                                               | ········································································································································█·······················
RoutePUTkycapplicationkycApplicationIdidentityDoc0045921D                                                                                                          | ········································································································································█·······················
RoutePOSTkycapplicationkycApplicationIdresubmitDetails66EA1684                                                                                                     | ········································································································································█·······················
RoutePATCHkycapplicationkycApplicationIdA3F81575                                                                                                                   | ········································································································································█·······················
RouteGETkycapplicationA36AA62A                                                                                                                                     | ········································································································································█·······················
RouteGETkycapplicationkycApplicationIdidentityDocDetailsD0B2D191                                                                                                   | ········································································································································█·······················
accountClosureDlqDriverLogRetentionDC1E4009                                                                                                                        | ········································································································································█·······················
checkSubscriptionExistsLambdaFnParameterfunctionNameA6DD237A                                                                                                       | ········································································································································█·······················
closureStatementGenerationListenerFnLogRetentionDEB56D35                                                                                                           | ········································································································································██······················
RouteGETaccountsbalancestotalIntegrationGETaccountsbalancestotalC2C14C6E                                                                                           | ········································································································································█·······················
RouteGETaccountsidscheduledpaymentsIntegrationGETaccountsidscheduledpaymentsPermissionA0C262BD                                                                     | ········································································································································█·······················
RoutePOSTaccountsidnameIntegrationPOSTaccountsidnameEA46854D                                                                                                       | ········································································································································█·······················
RoutePOSTaccountsidproxyIntegrationPOSTaccountsidproxy1CFFFAB5                                                                                                     | ········································································································································█·······················
RoutePOSTaccountsidproxyIntegrationPOSTaccountsidproxyPermission09DFBD9B                                                                                           | ········································································································································██······················
RouteGETaccountsidtransactionsIntegrationGETaccountsidtransactionsA1FCA562                                                                                         | ········································································································································█·······················
RoutePOSTaccountsIntegrationPOSTaccounts8B07BD7B                                                                                                                   | ········································································································································█·······················
RouteGETaccountsidpaymentlimitsIntegrationGETaccountsidpaymentlimitsEC006AD4                                                                                       | ········································································································································█·······················
accountsApiLambdaParameterfunctionName2B0B2306                                                                                                                     | ········································································································································█·······················
RouteGETaccountsidscheduledpaymentsIntegrationGETaccountsidscheduledpaymentsE933DBB9                                                                               | ········································································································································█·······················
RouteGETaccountsidpaymentlimitsIntegrationGETaccountsidpaymentlimitsPermission02F5EC0F                                                                             | ········································································································································█·······················
RouteGETaccountsidtransactionsIntegrationGETaccountsidtransactionsPermissionDCA6E2E4                                                                               | ········································································································································██······················
RouteGETaccountsidproxyIntegrationGETaccountsidproxyPermission09D349FA                                                                                             | ········································································································································█·······················
RouteGETaccountsbalancestotalIntegrationGETaccountsbalancestotalPermissionF3D65967                                                                                 | ········································································································································█·······················
RoutePOSTaccountsIntegrationPOSTaccountsPermissionA41D56EE                                                                                                         | ········································································································································█·······················
RoutePOSTaccountsidnameIntegrationPOSTaccountsidnamePermission9F68F43A                                                                                             | ········································································································································█·······················
RouteGETaccountsIntegrationGETaccountsPermissionBE5386FD                                                                                                           | ········································································································································█·······················
RouteGETaccountsidtransactionsdownloadIntegrationGETaccountsidtransactionsdownloadPermissionB696CDA7                                                               | ········································································································································█·······················
RouteGETaccountsidproxyIntegrationGETaccountsidproxy7DD1BAB7                                                                                                       | ········································································································································█·······················
RouteGETaccountsIntegrationGETaccounts3B488ECE                                                                                                                     | ········································································································································█·······················
RouteGETaccountsidtransactionsdownloadIntegrationGETaccountsidtransactionsdownloadCCC343B1                                                                         | ········································································································································█·······················
RouteGETaccountsidIntegrationGETaccountsidPermissionAC5413A9                                                                                                       | ········································································································································█·······················
RouteGETaccountsidIntegrationGETaccountsidDE6BD49E                                                                                                                 | ········································································································································██······················
accountsApiLambdaLogRetentionFE4919C2                                                                                                                              | ········································································································································█·······················
statementApiLambdaLogRetentionA18EBF04                                                                                                                             | ········································································································································███·····················
RouteGETaccountsidstatementsproxyIntegrationGETaccountsidstatementsproxy96655D47                                                                                   | ········································································································································██······················
RouteGETaccountsidstatementsIntegrationGETaccountsidstatementsBA2C70D7                                                                                             | ········································································································································██······················
refreshXeroTokensLambdaLogRetentionA27A715A                                                                                                                        | ········································································································································██······················
RouteGETstripemerchantdetail9B30C498                                                                                                                               | ········································································································································█·······················
RouteGETstripelistpaymentlinkinfoAE3714C9                                                                                                                          | ········································································································································█·······················
RouteGETstripeaccountsessionF2F26D00                                                                                                                               | ········································································································································█·······················
RoutePOSTstripecreateaccountBC1E3147                                                                                                                               | ········································································································································█·······················
RoutePOSTstripepreviewinvoice4EC86F64                                                                                                                              | ········································································································································█·······················
RouteGETstripedownloadinvoicepaymentLinkId3A4A2FFC                                                                                                                 | ········································································································································█·······················
RoutePOSTstripemerchantservicesconsent032A6C9E                                                                                                                     | ········································································································································█·······················
RouteGETstripepaymentmethodstatusA4A60A30                                                                                                                          | ········································································································································█·······················
RoutePATCHstripemerchantdetail3F7EFABA                                                                                                                             | ········································································································································█·······················
RoutePOSTstripemerchantwebhook3992548C                                                                                                                             | ········································································································································█·······················
RoutePATCHstripedirectpaymentdetailpaymentLinkIdE03B6C05                                                                                                           | ········································································································································█·······················
afcxSftpDownloadProcessorLogRetention76828DF7                                                                                                                      | ········································································································································██······················
f1AsyncCallbackHandlerLambdaFnLogRetention19346B07                                                                                                                 | ········································································································································██······················
cardsV2ApiLambdaLogRetention33B33978                                                                                                                               | ········································································································································███·····················
replaceCardFnLogRetentionA98C0BA8                                                                                                                                  | ········································································································································██······················
replaceCardFnParameterfunctionName47001323                                                                                                                         | ········································································································································█·······················
RoutePATCHv2sessionrevokesessionIntegrationPATCHv2sessionrevokesession3A905A32                                                                                     | ········································································································································███·····················
RouteGETv2sessionweblogincallbackIntegrationGETv2sessionweblogincallbackE875FB15                                                                                   | ········································································································································█·······················
RoutePATCHv2sessionrevokeSessionIntegrationPATCHv2sessionrevokeSessionPermission5ADA7E87                                                                           | ········································································································································█·······················
RoutePOSTv2sessionloginIntegrationPOSTv2sessionloginEE9C8AEE                                                                                                       | ········································································································································██······················
RouteGETv2sessionwebloginIntegrationGETv2sessionwebloginPermissionD19D4833                                                                                         | ········································································································································██······················
RoutePOSTauth0hooksmigrateIntegrationPOSTauth0hooksmigrate752053DD                                                                                                 | ········································································································································█·······················
RoutePATCHv2sessionrevokesessionIntegrationPATCHv2sessionrevokesessionPermissionDA8D3E73                                                                           | ········································································································································██······················
RouteGETv2sessionweblogincallbackIntegrationGETv2sessionweblogincallbackPermission53AD9EC3                                                                         | ········································································································································█·······················
RoutePOSTv2sessionrefreshIntegrationPOSTv2sessionrefreshPermissionADD355E7                                                                                         | ········································································································································█·······················
RoutePOSTv2sessionrefreshIntegrationPOSTv2sessionrefresh7BC704D9                                                                                                   | ········································································································································████····················
RouteGETv2sessionwebloginIntegrationGETv2sessionweblogin51F1FC40                                                                                                   | ········································································································································█·······················
RoutePOSTv2sessiondeviceregisterIntegrationPOSTv2sessiondeviceregister1D3E9B4A                                                                                     | ········································································································································████····················
RoutePATCHv2sessionrevokeSessionIntegrationPATCHv2sessionrevokeSessionA9D5D611                                                                                     | ········································································································································████····················
SessionFunctionLogRetention25C3084B                                                                                                                                | ········································································································································██······················
RoutePOSTv2sessionloginIntegrationPOSTv2sessionloginPermissionA590C1D1                                                                                             | ········································································································································█·······················
RoutePOSTauth0hookssendforgotpasswordemailIntegrationPOSTauth0hookssendforgotpasswordemailF6D75665                                                                 | ········································································································································███·····················
RoutePOSTv2sessiondeviceregisterIntegrationPOSTv2sessiondeviceregisterPermission28A7C2EC                                                                           | ········································································································································██······················
Auth0HooksFunctionParameterfunctionNameBC2C2E4B                                                                                                                    | ········································································································································█·······················
RoutePOSTauth0hooksmigrateIntegrationPOSTauth0hooksmigratePermissionD3C4FC70                                                                                       | ········································································································································██······················
RoutePOSTauth0hooksmigratelookupIntegrationPOSTauth0hooksmigratelookupPermissionD302F820                                                                           | ········································································································································█·······················
SessionFunctionParameterfunctionNameAB4E712E                                                                                                                       | ········································································································································█·······················
RoutePOSTauth0hooksmfasendIntegrationPOSTauth0hooksmfasendEDFA0DEA                                                                                                 | ········································································································································█·······················
RoutePOSTauth0hookspermissionsIntegrationPOSTauth0hookspermissionsPermissionFBEC0187                                                                               | ········································································································································█·······················
RoutePOSTauth0hookspermissionsIntegrationPOSTauth0hookspermissions9A63DA4B                                                                                         | ········································································································································██······················
RoutePOSTauth0hooksmfasendIntegrationPOSTauth0hooksmfasendPermission182CAF37                                                                                       | ········································································································································██······················
RoutePATCHusercurrentEntity4D57BFC2                                                                                                                                | ········································································································································██······················
RoutePATCHusernotifications42F2534A                                                                                                                                | ········································································································································██······················
RoutePATCHuserupdateAttr717F39B5                                                                                                                                   | ········································································································································██······················
RoutePOSTauth0hookssendforgotpasswordemailIntegrationPOSTauth0hookssendforgotpasswordemailPermission19A63C9C                                                       | ········································································································································█·······················
RouteGETuserinviteV2C3869236                                                                                                                                       | ········································································································································██······················
statementStepFunctionArnParametervalue641032C0                                                                                                                     | ········································································································································█·······················
generateallstatementsjez02bosphorusTxbAccounts                                                                                                                     | ········································································································································█·······················
RouteGETaccountsidscheduledpayments2C25D8DD                                                                                                                        | ········································································································································██······················
RoutePOSTaccountsidnameFF061FBC                                                                                                                                    | ········································································································································██······················
RouteGETaccountsbalancestotalCD7E6E73                                                                                                                              | ········································································································································██······················
RouteGETaccountsidtransactionsE6D81C4E                                                                                                                             | ········································································································································██······················
RouteGETaccounts733B9B33                                                                                                                                           | ········································································································································██······················
RouteGETaccountsidtransactionsdownloadA1AC7959                                                                                                                     | ········································································································································██······················
RouteGETaccountsidpaymentlimitsA4FCA136                                                                                                                            | ········································································································································██······················
RoutePOSTaccountsidproxy08183B56                                                                                                                                   | ········································································································································██······················
RouteGETaccountsidproxy5A7AFBBB                                                                                                                                    | ········································································································································██······················
generateStatementInvokerLogRetentionDD3A822B                                                                                                                       | ········································································································································██······················
generateStatementInvokerParameterfunctionName2DD4D038                                                                                                              | ········································································································································██······················
RouteGETstripebalancedetail15A8F125                                                                                                                                | ········································································································································█·······················
overdraftPushNotificationListenerFnParameterfunctionName34FC29D6                                                                                                   | ········································································································································██······················
overdraftPushNotificationListenerFnLogRetentionAA884F6C                                                                                                            | ········································································································································██······················
overdraftPushNotificationRuleFE46F9D3                                                                                                                              | ········································································································································██████████████··········
RouteGETv2sessionweblogin6A5AABB6                                                                                                                                  | ·········································································································································█······················
RoutePOSTauth0hooksmfasendFF2E67A1                                                                                                                                 | ·········································································································································█······················
RoutePOSTauth0hooksmigrateA751DBF8                                                                                                                                 | ·········································································································································█······················
RouteGETv2sessionweblogincallback682D032A                                                                                                                          | ·········································································································································█······················
RouteDELETEuserdevicesdeviceIdDB876468                                                                                                                             | ·········································································································································█······················
RouteGETuserdevices9AEE496B                                                                                                                                        | ·········································································································································██·····················
RoutePOSTaccounts0F22D397                                                                                                                                          | ·········································································································································█······················
RouteGETaccountsid4A6F9F35                                                                                                                                         | ·········································································································································█······················
generateStatementLogRetention0C533EB8                                                                                                                              | ·········································································································································█······················
RouteGETaccountsidstatementsproxy01A36CEB                                                                                                                          | ·········································································································································█······················
RouteGETstripehealth74A6E19D                                                                                                                                       | ·········································································································································█······················
RoutePOSTv2cardsidactivate2534A552                                                                                                                                 | ·········································································································································█······················
RoutePOSTauth0hookspermissionsCACFC29D                                                                                                                             | ·········································································································································█······················
RouteGETusersummary827732BD                                                                                                                                        | ·········································································································································█······················
checkSubscriptionExistsLambdaFnLogRetention0336228C                                                                                                                | ·········································································································································█······················
scheduledStatementLambdaFn14496E9F                                                                                                                                 | ·········································································································································██·····················
RoutePOSTstripecreatepaymentlink4CEC33CE                                                                                                                           | ·········································································································································█······················
RoutePOSTstripemerchantdetail1719ADD3                                                                                                                              | ·········································································································································█······················
RoutePOSTauth0hooksmigratelookupIntegrationPOSTauth0hooksmigratelookupCFAF8DDE                                                                                     | ·········································································································································█······················
RoutePOSTuseracknowledgementsandconsentsCDBEEA45                                                                                                                   | ·········································································································································█······················
RoutePATCHuserdevicesdeviceIdsignOutF469938C                                                                                                                       | ·········································································································································██·····················
blocklistEventsListenerSqsEventSourcejez02bosphorusOnboardingAndIdentityEventsblocklistEventsQueue06B4FDACC9E83721                                                 | ·········································································································································█████··················
blocklistEventsListenerParameterfunctionName6DFF3BC0                                                                                                               | ·········································································································································█······················
RouteGETpaytoIntegrationGETpayto021D6E42                                                                                                                           | ·········································································································································██·····················
payToApiLambdaLogRetention43DF26C4                                                                                                                                 | ·········································································································································██·····················
RouteGETpaytomandateIdhistoryIntegrationGETpaytomandateIdhistory097C117D                                                                                           | ·········································································································································██·····················
RouteGETpaytoavailableaccountsIntegrationGETpaytoavailableaccountsFEB1D31C                                                                                         | ·········································································································································██·····················
RoutePOSTpaytomandateIdproxyIntegrationPOSTpaytomandateIdproxyDF6B0431                                                                                             | ·········································································································································██·····················
scheduledStatementLambdaFnParameterfunctionNameDCE7BEB4                                                                                                            | ·········································································································································██·····················
RoutePATCHuserpersonal15BA168B                                                                                                                                     | ·········································································································································██·····················
RoutePOSTauth0hooksmigratelookup62C95A64                                                                                                                           | ·········································································································································██·····················
RouteGETpaytoD07EC4DA                                                                                                                                              | ··········································································································································█·····················
RouteGETpaytoavailableaccounts10D867B3                                                                                                                             | ··········································································································································█·····················
RoutePOSTpaytomandateIdproxy9F658345                                                                                                                               | ··········································································································································█·····················
RouteGETaccountsidstatements8DAD4D57                                                                                                                               | ··········································································································································█·····················
closeAccountLambdaFnLogRetentionE57440AE                                                                                                                           | ··········································································································································█·····················
RouteGETpaytomandateIdhistory40C57939                                                                                                                              | ··········································································································································██····················
RoutePOSTv2sessionlogin3340F4BF                                                                                                                                    | ··········································································································································█·····················
Auth0HooksFunctionLogRetentionB6B3518E                                                                                                                             | ··········································································································································█·····················
RoutePATCHuserchangePasswordB4760095                                                                                                                               | ··········································································································································█·····················
blocklistEventsListenerLogRetentionA82CC77C                                                                                                                        | ··········································································································································██····················
populatePurposeOfAccountsHandlerLogRetentionCECF01E2                                                                                                               | ··········································································································································██····················
RoutePATCHuserconfirmAttr1C11821E                                                                                                                                  | ··········································································································································█·····················
RoutePOSTuserverifyPasswordDE15E28E                                                                                                                                | ··········································································································································█·····················
populatePurposeOfAccountsProviderframeworkonEventFF847CF5                                                                                                          | ··········································································································································███···················
cardInstantProvisioningEventHandlerParameterfunctionName5C5FDEA6                                                                                                   | ··········································································································································██····················
RoutePOSTauth0hookssendforgotpasswordemail22F1CFFA                                                                                                                 | ··········································································································································██····················
RoutePATCHv2sessionrevokesessionF0A6392B                                                                                                                           | ··········································································································································██····················
cardInstantProvisioningEventHandlerSqsEventSourcejez02bosphorusTxbPaymentscardInstantProvisioningQQueue207692AFA8E01D92                                            | ···········································································································································████·················
cardInstantProvisioningEventHandlerEventInvokeConfig99E8C177                                                                                                       | ···········································································································································█····················
scheduledStatementLambdaFnLogRetention6F0D9D54                                                                                                                     | ···········································································································································█····················
bizEntAccFncLogRetention2531D897                                                                                                                                   | ···········································································································································██···················
RoutePATCHentityaccountusersuserIdIntegrationPATCHentityaccountusersuserId2440FA7B                                                                                 | ···········································································································································█····················
RoutePATCHentityaccountbusinessidentityIntegrationPATCHentityaccountbusinessidentityC60C8FAE                                                                       | ···········································································································································█····················
RoutePOSTentityaccountinviteV2IntegrationPOSTentityaccountinviteV2D4F5C65D                                                                                         | ···········································································································································█····················
RoutePOSTentityaccountIntegrationPOSTentityaccount7BB7D4F3                                                                                                         | ···········································································································································█····················
RouteGETentityaccountinviteV2IntegrationGETentityaccountinviteV289FE804E                                                                                           | ···········································································································································█····················
RoutePOSTentityaccountacknowledgementsandconsentsIntegrationPOSTentityaccountacknowledgementsandconsentsBC2B4489                                                   | ···········································································································································█····················
RoutePATCHentityaccountinviteV2inviteIdIntegrationPATCHentityaccountinviteV2inviteIdFA5077FF                                                                       | ···········································································································································█····················
RouteDELETEentityaccountusersuserIdIntegrationDELETEentityaccountusersuserIdDA726406                                                                               | ···········································································································································█····················
RouteGETentityaccountrolesIntegrationGETentityaccountroles4665E5E9                                                                                                 | ···········································································································································█····················
RouteGETentityaccountuserNotificationsIntegrationGETentityaccountuserNotificationsC2B82C0F                                                                         | ···········································································································································█····················
RouteGETentityaccountusersIntegrationGETentityaccountusers4145A09A                                                                                                 | ···········································································································································█····················
RoutePATCHentityaccountconfigIntegrationPATCHentityaccountconfig1AFB484A                                                                                           | ···········································································································································█····················
RoutePATCHentityaccountusersuserIdrolesIntegrationPATCHentityaccountusersuserIdrolesECEA5CF3                                                                       | ···········································································································································█····················
RouteGETentityaccountbusinessidentityIntegrationGETentityaccountbusinessidentityC1811704                                                                           | ···········································································································································█····················
RoutePATCHentityaccountuserNotificationsIntegrationPATCHentityaccountuserNotifications08B5015B                                                                     | ···········································································································································█····················
RoutePUTentityaccountinviteV2inviteIdresendIntegrationPUTentityaccountinviteV2inviteIdresend8CAB1679                                                               | ···········································································································································█····················
RouteGETentityaccountconfigIntegrationGETentityaccountconfigFD941312                                                                                               | ···········································································································································█····················
RouteGETentityaccountbusinessEntityIdIntegrationGETentityaccountbusinessEntityId327F3655                                                                           | ···········································································································································█····················
RoutePOSTv2sessiondeviceregisterD341705C                                                                                                                           | ···········································································································································█····················
RoutePOSTv2sessionrefresh373F92D3                                                                                                                                  | ···········································································································································█····················
RoutePATCHv2sessionrevokeSession406728F2                                                                                                                           | ···········································································································································█····················
RouteDELETEentityaccountusersuserId86BEBFAB                                                                                                                        | ···········································································································································█····················
RoutePOSTentityaccountinviteV2C7923082                                                                                                                             | ···········································································································································█····················
RouteGETentityaccountinviteV2CF4816FB                                                                                                                              | ···········································································································································█····················
RoutePATCHentityaccountusersuserId5C2AE508                                                                                                                         | ···········································································································································█····················
RoutePOSTentityaccountacknowledgementsandconsentsE026D709                                                                                                          | ···········································································································································█····················
RouteGETentityaccountusers80EE59C3                                                                                                                                 | ···········································································································································█····················
RoutePATCHentityaccountinviteV2inviteIdF86F8140                                                                                                                    | ···········································································································································█····················
RouteGETentityaccountroles97217C23                                                                                                                                 | ···········································································································································█····················
RoutePATCHentityaccountbusinessidentity728676D9                                                                                                                    | ···········································································································································██···················
RoutePATCHentityaccountuserNotifications3F7BEEF3                                                                                                                   | ···········································································································································█····················
RoutePATCHentityaccountusersuserIdrolesB498116E                                                                                                                    | ···········································································································································██···················
RoutePOSTentityaccountC90EDFAB                                                                                                                                     | ···········································································································································██···················
RouteGETentityaccountconfigFF63A68E                                                                                                                                | ···········································································································································██···················
RouteGETentityaccountuserNotifications41A1E34B                                                                                                                     | ···········································································································································██···················
RoutePATCHentityaccountconfigE57495C7                                                                                                                              | ···········································································································································██···················
RoutePUTentityaccountinviteV2inviteIdresendCA3C444A                                                                                                                | ···········································································································································██···················
RouteGETentityaccountbusinessidentity1C2AE50D                                                                                                                      | ···········································································································································██···················
RouteGETentityaccountbusinessEntityIdE4A331B8                                                                                                                      | ···········································································································································██···················
cardInstantProvisioningEventHandlerLogRetention13C19AE0                                                                                                            | ············································································································································█···················
DailyPaymentReminderCronRuleAllowEventRulejez02bosphorusTxbBusinessBankingpaymentReminderLambda65E22BB979FA7282                                                    | ············································································································································█···················
populatePurposeOfAccountsCustomResource                                                                                                                            | ············································································································································██··················
dailyXeroTokenCheckRuleAllowEventRulejez02bosphorusTxbBusinessBankingrefreshXeroTokensLambda86D8EBC372962EBD                                                       | ············································································································································█···················
paymentPushNotificationRuleAllowEventRulejez02bosphorusTxbPaymentspaymentPushNotificationListenerFn13F7D779CB924943                                                | ·············································································································································█··················
ReplaceCardCommandAllowEventRulejez02bosphorusTxbPaymentsreplacedCardListener114AA4D8A4902A45                                                                      | ·············································································································································██·················
RoutePOSTuserinviteV2respond74F263F0                                                                                                                               | ·············································································································································██·················
RouteGETuserinviteV2inviteId413D9CE2                                                                                                                               | ·············································································································································██·················
BusinessEntityUsersAllowEventRulejez02bosphorusOnboardingAndIdentityEventsuserEntityMapListenerE5691A71A5716398                                                    | ················································································································································█···············
afcxSftpDownloadCronRuleAllowEventRulejez02bosphorusOnboardingAndIdentityEventsafcxSftpDownloadHandlerF032CB646BF6EF55                                             | ·················································································································································█··············
hourlyAccountClosureQueueDriverRuleAllowEventRulejez02bosphorusTxbAccountsaccountClosureDlqDriver40C856C864775326                                                  | ·················································································································································██·············
overdraftPushNotificationRuleAllowEventRulejez02bosphorusTxbPaymentsoverdraftPushNotificationListenerFnF82324F1E7516FE7                                            | ···················································································································································██···········
